******************************************************************************
                  TI ARM Linker PC v16.9.0                     
******************************************************************************
>> Linked Thu Feb 16 15:49:56 2017

OUTPUT FILE NAME:   <rtsc-example.out>
ENTRY POINT SYMBOL: "_c_int00"  address: 2000eba5


MEMORY CONFIGURATION

         name            origin    length      used     unused   attr    fill
----------------------  --------  ---------  --------  --------  ----  --------
  SRAM                  20004000   0003c000  00019ff9  00022007  RW X


SEGMENT ALLOCATION MAP

run origin  load origin   length   init length attrs members
----------  ----------- ---------- ----------- ----- -------
20004000    20004000    0000d4ba   0000d4ba    r-x
  20004000    20004000    0000030c   0000030c    r-- .resetVecs
  2000430c    2000430c    0000d1ae   0000d1ae    r-x .text
200114bc    200114bc    00008000   00000000    rw-
  200114bc    200114bc    00008000   00000000    rw- .stack
200194bc    200194bc    000023ad   000023ad    r--
  200194bc    200194bc    000023ad   000023ad    r-- .const
2001b880    2001b880    0000251a   00000000    rw-
  2001b880    2001b880    00001ea8   00000000    rw- .bss
  2001d728    2001d728    00000672   00000000    rw- .data
2001dda0    2001dda0    00000278   00000278    r--
  2001dda0    2001dda0    00000278   00000278    r-- .cinit


SECTION ALLOCATION MAP

 output                                  attributes/
section   page    origin      length       input sections
--------  ----  ----------  ----------   ----------------
.text      0    2000430c    0000d1ae     
                  2000430c    0000111e     rtsv7M4_T_le_eabi.lib : _printfi.obj (.text)
                  2000542a    00000002                           : i_div0.obj (.text)
                  2000542c    000004a4     sysbios.aem4 : BIOS.obj (.text:ti_sysbios_family_arm_m3_Hwi_excDumpRegs__I)
                  200058d0    000003b8                  : BIOS.obj (.text:ti_sysbios_heaps_HeapMem_free__E)
                  20005c88    0000039a     cc3x00_host_driver.aem4 : driver.oem4 (.text:_SlDrvMsgRead)
                  20006022    00000002     app_pem4.oem4 (.text:ti_sysbios_BIOS_nullFunc__I)
                  20006024    00000374     sysbios.aem4 : BIOS.obj (.text:ti_sysbios_knl_Semaphore_pend__E)
                  20006398    00000358                  : BIOS.obj (.text:ti_sysbios_heaps_HeapMem_alloc__E)
                  200066f0    0000034c     ti.targets.arm.rtsarm.aem4 : System.oem4 (.text:xdc_runtime_System_doPrint__I)
                  20006a3c    0000032c     sysbios.aem4 : BIOS.obj (.text:ti_sysbios_knl_Task_Instance_init__E)
                  20006d68    00000324     rtsv7M4_T_le_eabi.lib : trgdrv.obj (.text)
                  2000708c    0000030c                           : lowlev.obj (.text)
                  20007398    000002e4     sysbios.aem4 : BIOS.obj (.text:ti_sysbios_knl_Task_Instance_finalize__E)
                  2000767c    00000278     drivers_cc32xxware_instrumented.aem4 : SPICC3200DMA.oem4 (.text:SPICC3200DMA_transfer)
                  200078f4    00000248                                          : SPICC3200DMA.oem4 (.text:SPICC3200DMA_open)
                  20007b3c    0000021c     app_pem4.oem4 (.text:xdc_runtime_System_printfExtend__I)
                  20007d58    000001f4     rtsv7M4_T_le_eabi.lib : ull_div_t2.obj (.text)
                  20007f4c    000001f4     sysbios.aem4 : BIOS.obj (.text:ti_sysbios_heaps_HeapMem_Instance_init__E)
                  20008140    000001e8                  : BIOS.obj (.text:ti_sysbios_family_arm_m3_Hwi_excFillContext__I)
                  20008328    000001c4     rtsv7M4_T_le_eabi.lib : fopen.obj (.text)
                  200084ec    000001bc     sysbios.aem4 : BIOS.obj (.text:ti_sysbios_knl_Mailbox_Instance_init__E)
                  200086a8    000001b6     rtsv7M4_T_le_eabi.lib : fd_add_t2.obj (.text)
                  2000885e    00000002     app_pem4.oem4 (.text:xdc_runtime_Startup_reset__I)
                  20008860    000001a8     main.obj (.text)
                  20008a08    00000190     sysbios.aem4 : BIOS.obj (.text:ti_sysbios_knl_Semaphore_post__E)
                  20008b98    00000188     power_cc3200_tirtos_instrumented.aem4 : PowerCC3200_tirtos.oem4 (.text:PowerCC3200_sleepPolicy)
                  20008d20    00000180     drivers_wifi_cc32xxware_instrumented.aem4 : WiFiCC3200.oem4 (.text:spi_Read)
                  20008ea0    0000017c     sysbios.aem4 : BIOS.obj (.text:ti_sysbios_family_arm_m3_Hwi_excBusFault__I)
                  2000901c    00000178     driverlib.a : prcm.obj (.text:PRCMCC3200MCUInit)
                  20009194    00000170     drivers_wifi_cc32xxware_instrumented.aem4 : WiFiCC3200.oem4 (.text:spi_Write)
                  20009304    00000170     sysbios.aem4 : BIOS.obj (.text:ti_sysbios_knl_Clock_workFunc__E)
                  20009474    00000168                  : BIOS.obj (.text:ti_sysbios_family_arm_m3_Hwi_excUsageFault__I)
                  200095dc    0000015c                  : BIOS.obj (.text:ti_sysbios_family_arm_m3_Hwi_dispatchC__I)
                  20009738    00000154                  : BIOS.obj (.text:ti_sysbios_family_arm_m3_Hwi_excMemFault__I)
                  2000988c    00000150     cc3x00_host_driver.aem4 : driver.oem4 (.text:_SlDrvRxHdrRead)
                  200099dc    0000014c     drivers_cc32xxware_instrumented.aem4 : SPICC3200DMA.oem4 (.text:configDMA)
                  20009b28    0000014c     sysbios.aem4 : BIOS.obj (.text:ti_sysbios_knl_Swi_run__I)
                  20009c74    00000144                  : BIOS.obj (.text:ti_sysbios_family_arm_m3_Hwi_excHandlerMax__I)
                  20009db8    00000140     drivers_wifi_cc32xxware_instrumented.aem4 : WiFiCC3200.oem4 (.text:spi_Open)
                  20009ef8    00000136     rtsv7M4_T_le_eabi.lib : fd_div_t2.obj (.text)
                  2000a02e    00000002     --HOLE-- [fill = 0]
                  2000a030    00000134                           : fputs.obj (.text)
                  2000a164    00000118     cc3x00_host_driver.aem4 : driver.oem4 (.text:_SlDrvMsgWrite)
                  2000a27c    00000118     ti.targets.arm.rtsarm.aem4 : Error.oem4 (.text:xdc_runtime_Error_policyDefault__E)
                  2000a394    00000110     drivers_cc32xxware_instrumented.aem4 : SPICC3200DMA.oem4 (.text:spiHwiFxn)
                  2000a4a4    00000100     ti.targets.arm.rtsarm.aem4 : Core-mem.oem4 (.text:xdc_runtime_Core_createObject__I)
                  2000a5a4    000000fc     rtsv7M4_T_le_eabi.lib : fd_mul_t2.obj (.text)
                  2000a6a0    000000fc     sysbios.aem4 : BIOS.obj (.text:ti_sysbios_knl_Task_startCore__E)
                  2000a79c    000000f8                  : BIOS.obj (.text:ti_sysbios_knl_Task_schedule__I)
                  2000a894    000000f8     ti.targets.arm.rtsarm.aem4 : Startup.oem4 (.text:xdc_runtime_Startup_startMods__I)
                  2000a98c    000000f4     sysbios.aem4 : BIOS.obj (.text:ti_sysbios_knl_Semaphore_Instance_init__E)
                  2000aa80    000000f0                  : BIOS.obj (.text:ti_sysbios_gates_GateMutex_enter__E)
                  2000ab70    000000f0                  : BIOS.obj (.text:ti_sysbios_knl_Task_checkStacks__E)
                  2000ac60    000000f0     driverlib.a : udma.obj (.text:uDMAChannelTransferSet)
                  2000ad50    000000ec     cc3x00_host_driver.aem4 : driver.oem4 (.text:_SlDrvDriverCBInit)
                  2000ae3c    000000dc     rtsv7M4_T_le_eabi.lib : setvbuf.obj (.text)
                  2000af18    000000dc     sysbios.aem4 : BIOS.obj (.text:ti_sysbios_family_arm_m3_Hwi_excHardFault__I)
                  2000aff4    000000d0     cc3x00_host_driver.aem4 : driver.oem4 (.text:_SlDrvWaitForPoolObj)
                  2000b0c4    000000d0     rtsv7M4_T_le_eabi.lib : s_scalbn.obj (.text)
                  2000b194    000000d0     sysbios.aem4 : m3_Hwi_asm.obj (.text:ti_sysbios_family_arm_m3_Hwi_dispatch__I)
                  2000b264    000000cc                  : BIOS.obj (.text:ti_sysbios_knl_Swi_post__E)
                  2000b330    000000cc     ti.targets.arm.rtsarm.aem4 : Core-smem.oem4 (.text:xdc_runtime_Core_constructObject__I)
                  2000b3fc    000000c8     cc3x00_host_driver.aem4 : driver.oem4 (.text:_SlDrvReleasePoolObj)
                  2000b4c4    000000c8     rtsv7M4_T_le_eabi.lib : fflush.obj (.text)
                  2000b58c    000000c8     sysbios.aem4 : BIOS.obj (.text:ti_sysbios_family_arm_m3_Hwi_Instance_init__E)
                  2000b654    000000c4                  : BIOS.obj (.text:ti_sysbios_family_arm_m3_Hwi_excDebugMon__I)
                  2000b718    000000c0     drivers_cc32xxware_instrumented.aem4 : PowerCC3200.oem4 (.text:Power_sleep)
                  2000b7d8    000000c0     sysbios.aem4 : BIOS.obj (.text:ti_sysbios_knl_Task_blockI__E)
                  2000b898    000000bc                  : BIOS.obj (.text:ti_sysbios_knl_Task_unblockI__E)
                  2000b954    000000b4     cc3x00_host_driver.aem4 : netapp.oem4 (.text:_SlDrvNetAppEventHandler)
                  2000ba08    000000b4     sysbios.aem4 : BIOS.obj (.text:ti_sysbios_family_arm_m3_Hwi_initNVIC__E)
                  2000babc    000000b0     rom_pin_mux_config.obj (.text)
                  2000bb6c    000000b0     sysbios.aem4 : BIOS.obj (.text:ti_sysbios_knl_Task_exit__E)
                  2000bc1c    000000ac     rtsv7M4_T_le_eabi.lib : _io_perm.obj (.text)
                  2000bcc8    000000ac     sysbios.aem4 : BIOS.obj (.text:ti_sysbios_knl_Task_postInit__I)
                  2000bd74    000000a8     driverlib.a : interrupt.obj (.text:IntEnable)
                  2000be1c    000000a0                 : spi.obj (.text:SPIConfigSetExpClk)
                  2000bebc    000000a0     auto_init.aem4 : auto_init.oem4 (.text)
                  2000bf5c    000000a0     ti.targets.arm.rtsarm.aem4 : Text.oem4 (.text:xdc_runtime_Text_putMod__E)
                  2000bffc    0000009c     drivers_cc32xxware_instrumented.aem4 : PowerCC3200.oem4 (.text:Power_releaseConstraint)
                  2000c098    0000009c                                          : PowerCC3200.oem4 (.text:Power_releaseDependency)
                  2000c134    0000009c     rtsv7M4_T_le_eabi.lib : memcpy_t2.obj (.text)
                  2000c1d0    0000009c     app_pem4.oem4 (.text:ti_sysbios_BIOS_rtsUnlock__I)
                  2000c26c    0000009c     sysbios.aem4 : BIOS.obj (.text:ti_sysbios_knl_Swi_restoreHwi__E)
                  2000c308    0000009a     ti.targets.arm.rtsarm.aem4 : Text.oem4 (.text:xdc_runtime_Text_putSite__E)
                  2000c3a2    00000002     --HOLE-- [fill = 0]
                  2000c3a4    00000098     rtsv7M4_T_le_eabi.lib : fclose.obj (.text)
                  2000c43c    00000098                           : fputc.obj (.text)
                  2000c4d4    00000094     driverlib.a : prcm.obj (.text:PRCMPeripheralClockGet)
                  2000c568    00000094     cc3x00_host_driver.aem4 : driver.oem4 (.text:_SlFindAndSetActiveObj)
                  2000c5fc    00000094     drivers_cc32xxware_instrumented.aem4 : SPICC3200DMA.oem4 (.text:initHw)
                  2000c690    00000090                                          : PowerCC3200.oem4 (.text:restoreNVICRegs)
                  2000c720    00000090     cc3x00_host_driver.aem4 : device.oem4 (.text:sl_Start)
                  2000c7b0    00000090     sysbios.aem4 : BIOS.obj (.text:ti_sysbios_knl_Mailbox_Instance_finalize__E)
                  2000c840    00000090                  : BIOS.obj (.text:ti_sysbios_knl_Mailbox_post__E)
                  2000c8d0    0000008c     drivers_cc32xxware_instrumented.aem4 : PowerCC3200.oem4 (.text:Power_setDependency)
                  2000c95c    00000088     driverlib.a : pin.obj (.text:PinConfigSet)
                  2000c9e4    00000086     rtsv7M4_T_le_eabi.lib : fd_cmp_t2.obj (.text:__aeabi_cdcmple)
                  2000ca6a    00000086                           : fd_cmp_t2.obj (.text:__aeabi_cdrcmple)
                  2000caf0    00000084     drivers_cc32xxware_instrumented.aem4 : PowerCC3200.oem4 (.text:saveNVICRegs)
                  2000cb74    00000084     sysbios.aem4 : BIOS.obj (.text:ti_sysbios_family_arm_m3_Hwi_postInit__I)
                  2000cbf8    00000080                  : BIOS.obj (.text:ti_sysbios_knl_Task_Module_startup__E)
                  2000cc78    0000007e                  : BIOS.obj (.text:ti_sysbios_knl_Mailbox_pend__E)
                  2000ccf6    00000002     --HOLE-- [fill = 0]
                  2000ccf8    0000007c     driverlib.a : spi.obj (.text:SPIIntStatus)
                  2000cd74    0000007a     rtsv7M4_T_le_eabi.lib : memset_t2.obj (.text)
                  2000cdee    00000002     --HOLE-- [fill = 0]
                  2000cdf0    00000078     drivers_cc32xxware_instrumented.aem4 : PowerCC3200.oem4 (.text:Power_setConstraint)
                  2000ce68    00000078     drivers_wifi_cc32xxware_instrumented.aem4 : osi_tirtos.oem4 (.text:VStartSimpleLinkSpawnTask)
                  2000cee0    00000074     drivers_cc32xxware_instrumented.aem4 : PowerCC3200.oem4 (.text:Power_registerNotify)
                  2000cf54    00000074                                          : SPICC3200DMA.oem4 (.text:SPICC3200DMA_close)
                  2000cfc8    00000074     cc3x00_host_driver.aem4 : driver.oem4 (.text:_SlDrvClassifyRxMsg)
                  2000d03c    00000074     sysbios.aem4 : BIOS.obj (.text:ti_sysbios_family_arm_m3_Hwi_getStackInfo__E)
                  2000d0b0    00000070     tirtosport.aem4 : DebugP_tirtos.oem4 (.text:DebugP_log4)
                  2000d120    00000070     rtsv7M4_T_le_eabi.lib : printf.obj (.text)
                  2000d190    00000070     sysbios.aem4 : BIOS.obj (.text:ti_sysbios_family_arm_m3_Hwi_disableInterrupt__E)
                  2000d200    00000070                  : BIOS.obj (.text:ti_sysbios_heaps_HeapMem_getStats__E)
                  2000d270    00000070                  : BIOS.obj (.text:ti_sysbios_knl_Clock_logTick__E)
                  2000d2e0    00000070                  : BIOS.obj (.text:ti_sysbios_knl_Mailbox_Module_startup__E)
                  2000d350    00000070                  : BIOS.obj (.text:ti_sysbios_knl_Swi_Module_startup__E)
                  2000d3c0    00000070                  : BIOS.obj (.text:ti_sysbios_knl_Swi_schedule__I)
                  2000d430    0000006d     ti.targets.arm.rtsarm.aem4 : System.oem4 (.text:xdc_runtime_System_formatNum__I)
                  2000d49d    00000003     --HOLE-- [fill = 0]
                  2000d4a0    0000006c     cc3x00_host_driver.aem4 : driver.oem4 (.text:_SlDrvMsgReadSpawnCtx)
                  2000d50c    0000006c     sysbios.aem4 : BIOS.obj (.text:ti_sysbios_family_arm_m3_Hwi_enableInterrupt__E)
                  2000d578    0000006c                  : BIOS.obj (.text:ti_sysbios_knl_Swi_runLoop__I)
                  2000d5e4    0000006c     ti.targets.arm.rtsarm.aem4 : Error.oem4 (.text:xdc_runtime_Error_print__E)
                  2000d650    0000006c                                : Memory.oem4 (.text:xdc_runtime_Memory_alloc__E)
                  2000d6bc    0000006a     sysbios.aem4 : BIOS.obj (.text:ti_sysbios_family_arm_m3_TaskSupport_start__E)
                  2000d726    00000068     rtsv7M4_T_le_eabi.lib : copy_decompress_lzss.obj (.text:decompress:lzss)
                  2000d78e    00000002     --HOLE-- [fill = 0]
                  2000d790    00000068                           : trgmsg.obj (.text)
                  2000d7f8    00000068     app_pem4.oem4 (.text:ti_sysbios_knl_Mailbox_create)
                  2000d860    00000066     ti.targets.arm.rtsarm.aem4 : Core-mem.oem4 (.text:xdc_runtime_Core_deleteObject__I)
                  2000d8c6    00000002     --HOLE-- [fill = 0]
                  2000d8c8    00000064     cc3x00_host_driver.aem4 : netapp.oem4 (.text:_sl_HandleAsync_DnsGetHostByName)
                  2000d92c    00000064     rtsv7M4_T_le_eabi.lib : fseek.obj (.text)
                  2000d990    00000064     sysbios.aem4 : BIOS.obj (.text:ti_sysbios_knl_Clock_walkQueuePeriodic__E)
                  2000d9f4    00000064     app_pem4.oem4 (.text:ti_sysbios_knl_Task_create)
                  2000da58    00000064     driverlib.a : udma.obj (.text:uDMAChannelAttributeDisable)
                  2000dabc    00000062     tirtosport.aem4 : HwiP_tirtos.oem4 (.text:HwiP_create)
                  2000db1e    00000002     --HOLE-- [fill = 0]
                  2000db20    00000060                     : DebugP_tirtos.oem4 (.text:DebugP_log3)
                  2000db80    00000060     cc3x00_host_driver.aem4 : netapp.oem4 (.text:_sl_HandleAsync_DnsGetHostByService)
                  2000dbe0    00000060                             : device.oem4 (.text:_sl_HandleAsync_InitComplete)
                  2000dc40    00000060                             : netapp.oem4 (.text:_sl_HandleAsync_PingResponse)
                  2000dca0    00000060     sysbios.aem4 : BIOS.obj (.text:ti_sysbios_family_arm_m3_Hwi_Module_startup__E)
                  2000dd00    00000060                  : BIOS.obj (.text:ti_sysbios_family_arm_m3_Timer_setPeriod__E)
                  2000dd60    0000005c     tirtosport.aem4 : DebugP_tirtos.oem4 (.text:DebugP_log2)
                  2000ddbc    0000005c     rtsv7M4_T_le_eabi.lib : s_frexp.obj (.text)
                  2000de18    0000005c     sysbios.aem4 : BIOS.obj (.text:ti_sysbios_knl_Task_allBlockedFunction__I)
                  2000de74    0000005b     ti.targets.arm.rtsarm.aem4 : Text.oem4 (.text:xdc_runtime_Text_putLab__E)
                  2000decf    00000001     --HOLE-- [fill = 0]
                  2000ded0    00000058     tirtosport.aem4 : DebugP_tirtos.oem4 (.text:DebugP_log1)
                  2000df28    00000058     driverlib.a : prcm.obj (.text:PRCMPeripheralReset)
                  2000df80    00000058     tirtosport.aem4 : SemaphoreP_tirtos.oem4 (.text:SemaphoreP_create)
                  2000dfd8    00000058     cc3x00_host_driver.aem4 : driver.oem4 (.text:_SlDrvCmdSend)
                  2000e030    00000058                             : netapp.oem4 (.text:_sl_NetAppSendTokenValue)
                  2000e088    00000058     app_pem4.oem4 (.text:ti_sysbios_family_arm_m3_Hwi_construct)
                  2000e0e0    00000058     sysbios.aem4 : BIOS.obj (.text:ti_sysbios_knl_Mailbox_postInit__I)
                  2000e138    00000056     rtsv7M4_T_le_eabi.lib : ltoa.obj (.text)
                  2000e18e    00000056     sysbios.aem4 : BIOS.obj (.text:ti_sysbios_family_arm_m3_Timer_setPeriodMicroSecs__E)
                  2000e1e4    00000054     rtsv7M4_T_le_eabi.lib : exit.obj (.text)
                  2000e238    00000054     sysbios.aem4 : BIOS.obj (.text:ti_sysbios_heaps_HeapMem_init__I)
                  2000e28c    00000054     ti.targets.arm.rtsarm.aem4 : Assert.oem4 (.text:xdc_runtime_Assert_raise__I)
                  2000e2e0    00000052     drivers_wifi_cc32xxware_instrumented.aem4 : osi_tirtos.oem4 (.text:osi_TaskCreate)
                  2000e332    00000002     --HOLE-- [fill = 0]
                  2000e334    00000050                                               : WiFiCC3200.oem4 (.text:CC3X00_NWP_enablePreamble)
                  2000e384    00000050     cc3x00_host_driver.aem4 : socket.oem4 (.text:_sl_HandleAsync_Connect)
                  2000e3d4    00000050     sysbios.aem4 : BIOS.obj (.text:ti_sysbios_family_arm_m3_Timer_start__E)
                  2000e424    00000050     ti.targets.arm.rtsarm.aem4 : Startup.oem4 (.text:xdc_runtime_Startup_exec__E)
                  2000e474    00000050                                : Text.oem4 (.text:xdc_runtime_Text_visitRope2__I)
                  2000e4c4    0000004c     drivers_cc32xxware_instrumented.aem4 : PowerCC3200.oem4 (.text:Power_idleFunc)
                  2000e510    0000004c     driverlib.a : spi.obj (.text:SPIIntDisable)
                  2000e55c    0000004c                 : spi.obj (.text:SPIIntEnable)
                  2000e5a8    0000004c     cc3x00_host_driver.aem4 : device.oem4 (.text:_SlDrvDeviceEventHandler)
                  2000e5f4    0000004c                             : socket.oem4 (.text:_sl_HandleAsync_Accept)
                  2000e640    0000004c     rtsv7M4_T_le_eabi.lib : atoi.obj (.text)
                  2000e68c    0000004c                           : cpy_tbl.obj (.text)
                  2000e6d8    0000004c     sysbios.aem4 : BIOS.obj (.text:ti_sysbios_family_arm_m3_Hwi_excReserved__I)
                  2000e724    0000004c                  : m3_TaskSupport_asm.obj (.text:ti_sysbios_family_arm_m3_TaskSupport_buildTaskStack)
                  2000e770    0000004c                  : BIOS.obj (.text:ti_sysbios_family_arm_m3_Timer_initDevice__I)
                  2000e7bc    0000004c     driverlib.a : udma.obj (.text:uDMAChannelAssign)
                  2000e808    00000048                 : flash.obj (.text:FlashDisable)
                  2000e850    00000048                 : prcm.obj (.text:PRCMLPDSEnter)
                  2000e898    00000048     drivers_cc32xxware_instrumented.aem4 : PowerCC3200.oem4 (.text:Power_unregisterNotify)
                  2000e8e0    00000048     driverlib.a : spi.obj (.text:SPIIntClear)
                  2000e928    00000048     cc3x00_host_driver.aem4 : driver.oem4 (.text:_SlRemoveFromList)
                  2000e970    00000048     drivers_cc32xxware_instrumented.aem4 : PowerCC3200.oem4 (.text:notify)
                  2000e9b8    00000048     rtsv7M4_T_le_eabi.lib : fd_toi_t2.obj (.text)
                  2000ea00    00000048     sysbios.aem4 : BIOS.obj (.text:ti_sysbios_family_arm_m3_Hwi_Instance_finalize__E)
                  2000ea48    00000048                  : m3_Hwi_asm_switch.obj (.text:ti_sysbios_family_arm_m3_Hwi_initStacks__E)
                  2000ea90    00000046     ti.targets.arm.rtsarm.aem4 : Core-params.oem4 (.text:xdc_runtime_Core_assignParams__I)
                  2000ead6    00000044     drivers_cc32xxware_instrumented.aem4 : PowerCC3200_asm.oem4 (.text:PowerCC3200_enterLPDS)
                  2000eb1a    00000002     --HOLE-- [fill = 0]
                  2000eb1c    00000044     driverlib.a : spi.obj (.text:SPIDmaMaskGet)
                  2000eb60    00000044     cc3x00_host_driver.aem4 : driver.oem4 (.text:_SlAsyncEventGenericHandler)
                  2000eba4    00000044     boot.aem4 : boot.oem4 (.text)
                  2000ebe8    00000044     app_pem4.oem4 (.text:malloc)
                  2000ec2c    00000044     sysbios.aem4 : BIOS.obj (.text:ti_sysbios_family_arm_m3_Hwi_excSvCall__I)
                  2000ec70    00000044                  : BIOS.obj (.text:ti_sysbios_hal_Hwi_checkStack)
                  2000ecb4    00000044     drivers_cc32xxware_instrumented.aem4 : SPICC3200DMA.oem4 (.text:transferCallback)
                  2000ecf8    00000044     ti.targets.arm.rtsarm.aem4 : Error.oem4 (.text:xdc_runtime_Error_setX__E)
                  2000ed3c    00000044                                : SysMin.oem4 (.text:xdc_runtime_SysMin_flush__E)
                  2000ed80    00000044                                : Text.oem4 (.text:xdc_runtime_Text_xprintf__I)
                  2000edc4    00000042     drivers_cc32xxware_instrumented.aem4 : PowerCC3200_asm.oem4 (.text:PowerCC3200_resumeLPDS)
                  2000ee06    00000002     --HOLE-- [fill = 0]
                  2000ee08    00000040     driverlib.a : pin.obj (.text:PinModeSet)
                  2000ee48    00000040     cc3x00_host_driver.aem4 : driver.oem4 (.text:_SlDrvRxIrqHandler)
                  2000ee88    00000040                             : socket.oem4 (.text:_sl_HandleAsync_Select)
                  2000eec8    00000040     drivers_wifi_cc32xxware_instrumented.aem4 : osi_tirtos.oem4 (.text:osi_LockObjLock)
                  2000ef08    00000040                                               : osi_tirtos.oem4 (.text:osi_SyncObjCreate)
                  2000ef48    00000040                                               : osi_tirtos.oem4 (.text:osi_SyncObjWait)
                  2000ef88    00000040     rtsv7M4_T_le_eabi.lib : u_divt2.obj (.text)
                  2000efc8    00000040     app_pem4.oem4 (.text:ti_sysbios_family_arm_m3_Hwi_Object__get__S)
                  2000f008    00000040     sysbios.aem4 : BIOS.obj (.text:ti_sysbios_family_arm_m3_Timer_periodicStub__I)
                  2000f048    00000040     app_pem4.oem4 (.text:ti_sysbios_gates_GateHwi_Object__create__S)
                  2000f088    00000040     app_pem4.oem4 (.text:ti_sysbios_gates_GateMutex_Object__create__S)
                  2000f0c8    00000040     app_pem4.oem4 (.text:ti_sysbios_heaps_HeapMem_Object__create__S)
                  2000f108    00000040     app_pem4.oem4 (.text:ti_sysbios_heaps_HeapMem_Object__get__S)
                  2000f148    00000040     app_pem4.oem4 (.text:ti_sysbios_knl_Mailbox_Object__get__S)
                  2000f188    00000040     app_pem4.oem4 (.text:ti_sysbios_knl_Semaphore_create)
                  2000f1c8    00000040     app_pem4.oem4 (.text:ti_sysbios_knl_Swi_Object__get__S)
                  2000f208    00000040     sysbios.aem4 : BIOS.obj (.text:ti_sysbios_knl_Swi_restore__E)
                  2000f248    0000003e                  : BIOS.obj (.text:ti_sysbios_knl_Clock_addI__E)
                  2000f286    0000003e                  : BIOS.obj (.text:ti_sysbios_knl_Semaphore_pendTimeout__I)
                  2000f2c4    0000003e     app_pem4.oem4 (.text:xdc_runtime_SysMin_output__I)
                  2000f302    00000002     --HOLE-- [fill = 0]
                  2000f304    0000003c     driverlib.a : prcm.obj (.text:PRCMPeripheralClkEnable)
                  2000f340    0000003c                 : prcm.obj (.text:PRCMSlowClkCtrFastGet)
                  2000f37c    0000003c     cc3x00_host_driver.aem4 : device.oem4 (.text:_sl_HandleAsync_Stop)
                  2000f3b8    0000003c     sysbios.aem4 : BIOS.obj (.text:ti_sysbios_family_arm_m3_Hwi_excNoIsr__I)
                  2000f3f4    0000003c                  : BIOS.obj (.text:ti_sysbios_family_arm_m3_Hwi_setPriority__E)
                  2000f430    0000003c     app_pem4.oem4 (.text:ti_sysbios_knl_Task_Object__get__S)
                  2000f46c    0000003c     sysbios.aem4 : BIOS.obj (.text:ti_sysbios_knl_Task_processVitalTaskFlag__I)
                  2000f4a8    0000003c     driverlib.a : udma.obj (.text:uDMAChannelControlSet)
                  2000f4e4    0000003a     sysbios.aem4 : BIOS.obj (.text:ti_sysbios_knl_Queue_put__E)
                  2000f51e    00000002     --HOLE-- [fill = 0]
                  2000f520    00000038     driverlib.a : prcm.obj (.text:PRCMIntEnable)
                  2000f558    00000038     power_cc3200_tirtos_instrumented.aem4 : PowerCC3200_tirtos.oem4 (.text:PowerCC3200_initPolicy)
                  2000f590    00000038     drivers_wifi_cc32xxware_instrumented.aem4 : osi_tirtos.oem4 (.text:osi_LockObjCreate)
                  2000f5c8    00000038     drivers_cc32xxware_instrumented.aem4 : PowerCC3200.oem4 (.text:restorePeriphClocks)
                  2000f600    00000038                                          : SPICC3200DMA.oem4 (.text:spiPollingTransfer16)
                  2000f638    00000038                                          : SPICC3200DMA.oem4 (.text:spiPollingTransfer8)
                  2000f670    00000038     sysbios.aem4 : BIOS.obj (.text:ti_sysbios_family_arm_m3_Hwi_clearInterrupt__E)
                  2000f6a8    00000038                  : BIOS.obj (.text:ti_sysbios_family_arm_m3_Hwi_excNmi__I)
                  2000f6e0    00000038     app_pem4.oem4 (.text:ti_sysbios_knl_Clock_doTick__I)
                  2000f718    00000038     app_pem4.oem4 (.text:ti_sysbios_knl_Queue_Object__get__S)
                  2000f750    00000038     ti.targets.arm.rtsarm.aem4 : SysMin.oem4 (.text:xdc_runtime_SysMin_putch__E)
                  2000f788    00000038                                : System.oem4 (.text:xdc_runtime_System_atexit__E)
                  2000f7c0    00000036     driverlib.a : gpio.obj (.text:GPIODirModeSet)
                  2000f7f6    00000036     rtsv7M4_T_le_eabi.lib : strncpy.obj (.text)
                  2000f82c    00000034     drivers_wifi_cc32xxware_instrumented.aem4 : WiFiCC3200.oem4 (.text:CC3X00_NWP_disable)
                  2000f860    00000034     driverlib.a : prcm.obj (.text:PRCMPeripheralStatusGet)
                  2000f894    00000034     drivers_cc32xxware_instrumented.aem4 : PowerCC3200.oem4 (.text:Power_getDependencyCount)
                  2000f8c8    00000034     driverlib.a : spi.obj (.text:SPIFIFOLevelSet)
                  2000f8fc    00000034     cc3x00_host_driver.aem4 : driver.oem4 (.text:_SlDrvProtectAsyncRespSetting)
                  2000f930    00000034     power_cc3200_tirtos_instrumented.aem4 : PowerCC3200_tirtos.oem4 (.text:getCountsRTC)
                  2000f964    00000034     sysbios.aem4 : BIOS.obj (.text:ti_sysbios_family_arm_m3_Hwi_excHandler__I)
                  2000f998    00000034                  : BIOS.obj (.text:ti_sysbios_knl_Queue_get__E)
                  2000f9cc    00000034     app_pem4.oem4 (.text:ti_sysbios_knl_Semaphore_construct)
                  2000fa00    00000034     ti.targets.arm.rtsarm.aem4 : Core-label.oem4 (.text:xdc_runtime_Core_assignLabel__I)
                  2000fa34    00000033                                : Text.oem4 (.text:xdc_runtime_Text_printVisFxn__I)
                  2000fa67    00000001     --HOLE-- [fill = 0]
                  2000fa68    00000032     drivers_cc32xxware_instrumented.aem4 : SPICC3200DMA.oem4 (.text:spiPollingTransfer32)
                  2000fa9a    00000030     driverlib.a : pin.obj (.text:PinTypeGPIO)
                  2000faca    00000002     --HOLE-- [fill = 0]
                  2000facc    00000030     drivers_cc32xxware_instrumented.aem4 : SPI.oem4 (.text:SPI_open)
                  2000fafc    00000030     drivers_wifi_cc32xxware_instrumented.aem4 : WiFiCC3200.oem4 (.text:registerInterruptHandler)
                  2000fb2c    00000030     app_pem4.oem4 (.text:ti_sysbios_BIOS_atExitFunc__I)
                  2000fb5c    00000030     app_pem4.oem4 (.text:ti_sysbios_BIOS_errorRaiseHook__I)
                  2000fb8c    00000030     app_pem4.oem4 (.text:ti_sysbios_BIOS_rtsLock__I)
                  2000fbbc    00000030     sysbios.aem4 : BIOS.obj (.text:ti_sysbios_family_arm_m3_Timer_Module_startup__E)
                  2000fbec    00000030                  : BIOS.obj (.text:ti_sysbios_family_arm_m3_Timer_startup__E)
                  2000fc1c    00000030                  : BIOS.obj (.text:ti_sysbios_knl_Idle_run__E)
                  2000fc4c    00000030     app_pem4.oem4 (.text:ti_sysbios_knl_Queue_construct)
                  2000fc7c    00000030     sysbios.aem4 : BIOS.obj (.text:ti_sysbios_knl_Task_restore__E)
                  2000fcac    00000030     ti.targets.arm.rtsarm.aem4 : SysMin.oem4 (.text:xdc_runtime_SysMin_abort__E)
                  2000fcdc    00000030                                : System.oem4 (.text:xdc_runtime_System_processAtExit__E)
                  2000fd0c    0000002e     rtsv7M4_T_le_eabi.lib : i_tofd_t2.obj (.text)
                  2000fd3a    0000002e     sysbios.aem4 : BIOS.obj (.text:ti_sysbios_hal_Hwi_initStack)
                  2000fd68    0000002e                  : BIOS.obj (.text:ti_sysbios_knl_Task_getMode__E)
                  2000fd96    00000002     --HOLE-- [fill = 0]
                  2000fd98    0000002c     drivers_wifi_cc32xxware_instrumented.aem4 : WiFiCC3200.oem4 (.text:CC3X00_NWP_enable)
                  2000fdc4    0000002c     driverlib.a : prcm.obj (.text:PRCMLPDSIntervalSet)
                  2000fdf0    0000002c                 : prcm.obj (.text:PRCMSysResetCauseGet)
                  2000fe1c    0000002c     app_pem4.oem4 (.text:ti_sysbios_family_arm_m3_Hwi_Params__init__S)
                  2000fe48    0000002c     sysbios.aem4 : BIOS.obj (.text:ti_sysbios_family_arm_m3_Hwi_getHandle__E)
                  2000fe74    0000002c                  : BIOS.obj (.text:ti_sysbios_family_arm_m3_Hwi_plug__E)
                  2000fea0    0000002c                  : BIOS.obj (.text:ti_sysbios_family_arm_m3_Timer_postInit__I)
                  2000fecc    0000002c     app_pem4.oem4 (.text:ti_sysbios_knl_Semaphore_Params__init__S)
                  2000fef8    0000002c     app_pem4.oem4 (.text:ti_sysbios_knl_Task_Params__init__S)
                  2000ff24    0000002c     ti.targets.arm.rtsarm.aem4 : Text.oem4 (.text:xdc_runtime_Text_cordText__E)
                  2000ff50    0000002a     driverlib.a : spi.obj (.text:SPIDataGetNonBlocking)
                  2000ff7a    0000002a     sysbios.aem4 : BIOS.obj (.text:ti_sysbios_knl_Queue_enqueue__E)
                  2000ffa4    0000002a     ti.targets.arm.rtsarm.aem4 : System.oem4 (.text:xdc_runtime_System_putchar__I)
                  2000ffce    00000002     --HOLE-- [fill = 0]
                  2000ffd0    00000028     driverlib.a : prcm.obj (.text:PRCMLPDSWakeupSourceEnable)
                  2000fff8    00000028                 : prcm.obj (.text:PRCMPeripheralClkDisable)
                  20010020    00000028     app_pem4.oem4 (.text:free)
                  20010048    00000028     app_pem4.oem4 (.text:ti_sysbios_gates_GateMutex_Object__delete__S)
                  20010070    00000028     sysbios.aem4 : BIOS.obj (.text:ti_sysbios_knl_Clock_startI__E)
                  20010098    00000028     app_pem4.oem4 (.text:ti_sysbios_knl_Mailbox_Object__delete__S)
                  200100c0    00000028     driverlib.a : udma.obj (.text:uDMAChannelIsEnabled)
                  200100e8    00000028     app_pem4.oem4 (.text:xdc_runtime_System_aprintf__E)
                  20010110    00000028     app_pem4.oem4 (.text:xdc_runtime_System_printf__E)
                  20010138    00000026     drivers_cc32xxware_instrumented.aem4 : List.oem4 (.text:List_put)
                  2001015e    00000026     ti.targets.arm.rtsarm.aem4 : System.oem4 (.text:xdc_runtime_System_avprintf__E)
                  20010184    00000024     drivers_wifi_cc32xxware_instrumented.aem4 : osi_tirtos.oem4 (.text:osi_Spawn)
                  200101a8    00000024     app_pem4.oem4 (.text:ti_sysbios_BIOS_registerRTSLock__I)
                  200101cc    00000024     sysbios.aem4 : BIOS.obj (.text:ti_sysbios_BIOS_setThreadType__E)
                  200101f0    00000024     app_pem4.oem4 (.text:ti_sysbios_BIOS_startFunc__I)
                  20010214    00000024     app_pem4.oem4 (.text:ti_sysbios_gates_GateHwi_Object__delete__S)
                  20010238    00000024     sysbios.aem4 : BIOS.obj (.text:ti_sysbios_gates_GateMutex_Instance_init__E)
                  2001025c    00000024     app_pem4.oem4 (.text:ti_sysbios_heaps_HeapMem_Object__delete__S)
                  20010280    00000024     sysbios.aem4 : BIOS.obj (.text:ti_sysbios_heaps_HeapMem_restore__E)
                  200102a4    00000024                  : BIOS.obj (.text:ti_sysbios_knl_Clock_Module_startup__E)
                  200102c8    00000024                  : BIOS.obj (.text:ti_sysbios_knl_Queue_dequeue__E)
                  200102ec    00000024                  : BIOS.obj (.text:ti_sysbios_knl_Task_restoreHwi__E)
                  20010310    00000024     ti.targets.arm.rtsarm.aem4 : System.oem4 (.text:xdc_runtime_System_vprintf__E)
                  20010334    00000022     driverlib.a : spi.obj (.text:SPIReset)
                  20010356    00000022                 : spi.obj (.text:SPIWordCountSet)
                  20010378    00000022     app_pem4.oem4 (.text:ti_sysbios_family_arm_m3_Hwi_Handle__label__S)
                  2001039a    00000022     sysbios.aem4 : BIOS.obj (.text:ti_sysbios_family_arm_m3_Timer_getFreq__E)
                  200103bc    00000022     app_pem4.oem4 (.text:ti_sysbios_gates_GateHwi_Handle__label__S)
                  200103de    00000022     app_pem4.oem4 (.text:ti_sysbios_gates_GateMutex_Handle__label__S)
                  20010400    00000022     app_pem4.oem4 (.text:ti_sysbios_heaps_HeapMem_Handle__label__S)
                  20010422    00000022     app_pem4.oem4 (.text:ti_sysbios_knl_Swi_Handle__label__S)
                  20010444    00000022     app_pem4.oem4 (.text:ti_sysbios_knl_Task_Handle__label__S)
                  20010466    00000002     --HOLE-- [fill = 0]
                  20010468    00000020     driverlib.a : prcm.obj (.text:PRCMLPDSRestoreInfoSet)
                  20010488    00000020                 : prcm.obj (.text:PRCMSRAMRetentionEnable)
                  200104a8    00000020                 : spi.obj (.text:SPIDataGet)
                  200104c8    00000020     drivers_cc32xxware_instrumented.aem4 : SPICC3200DMA.oem4 (.text:getPowerMgrId)
                  200104e8    00000020     rtsv7M4_T_le_eabi.lib : memchr.obj (.text)
                  20010508    00000020     app_pem4.oem4 (.text:ti_sysbios_BIOS_removeRTSLock__I)
                  20010528    00000020     app_pem4.oem4 (.text:ti_sysbios_family_arm_m3_Hwi_Object__destruct__S)
                  20010548    00000020     sysbios.aem4 : m3_Hwi_asm.obj (.text:ti_sysbios_family_arm_m3_Hwi_excHandlerAsm__I)
                  20010568    00000020                  : BIOS.obj (.text:ti_sysbios_family_arm_m3_Timer_stop__E)
                  20010588    00000020                  : BIOS.obj (.text:ti_sysbios_gates_GateMutex_leave__E)
                  200105a8    00000020     app_pem4.oem4 (.text:ti_sysbios_knl_Semaphore_Object__destruct__S)
                  200105c8    00000020     sysbios.aem4 : BIOS.obj (.text:ti_sysbios_knl_Task_enter__I)
                  200105e8    00000020                  : BIOS.obj (.text:ti_sysbios_knl_Task_unblock__E)
                  20010608    00000020     app_pem4.oem4 (.text:xdc_runtime_IHeap_alloc)
                  20010628    00000020     ti.targets.arm.rtsarm.aem4 : Registry.oem4 (.text:xdc_runtime_Registry_findById__E)
                  20010648    00000020                                : SysMin.oem4 (.text:xdc_runtime_SysMin_Module_startup__E)
                  20010668    00000020     app_pem4.oem4 (.text:xdc_runtime_Text_visitRope__I)
                  20010688    0000001f     drivers_cc32xxware_instrumented.aem4 : SPICC3200DMA.oem4 (.text:SPICC3200DMA_serviceISR)
                  200106a7    00000001     --HOLE-- [fill = 0]
                  200106a8    0000001f                                          : SPICC3200DMA.oem4 (.text:SPICC3200DMA_transferCancel)
                  200106c7    00000001     --HOLE-- [fill = 0]
                  200106c8    0000001e     driverlib.a : spi.obj (.text:SPIDataPut)
                  200106e6    0000001e     sysbios.aem4 : m3_Hwi_asm_switch.obj (.text:ti_sysbios_family_xxx_Hwi_switchAndRunFunc)
                  20010704    0000001e                  : BIOS.obj (.text:ti_sysbios_knl_Queue_remove__E)
                  20010722    0000001e     app_pem4.oem4 (.text:ti_sysbios_knl_Task_SupportProxy_start__E)
                  20010740    0000001e     app_pem4.oem4 (.text:xdc_runtime_Memory_HeapProxy_alloc__E)
                  2001075e    00000002     --HOLE-- [fill = 0]
                  20010760    0000001c     drivers_cc32xxware_instrumented.aem4 : SPICC3200DMA.oem4 (.text:SPICC3200DMA_init)
                  2001077c    0000001c     cc3x00_host_driver.aem4 : driver.oem4 (.text:_SlDrvProtectionObjLockWaitForever)
                  20010798    0000001c     rtsv7M4_T_le_eabi.lib : memccpy.obj (.text)
                  200107b4    0000001c     sysbios.aem4 : BIOS.obj (.text:ti_sysbios_BIOS_getCpuFreq__E)
                  200107d0    0000001c     app_pem4.oem4 (.text:ti_sysbios_family_arm_m3_Hwi_Module__startupDone__F)
                  200107ec    0000001c     app_pem4.oem4 (.text:ti_sysbios_family_arm_m3_Timer_Module__startupDone__F)
                  20010808    0000001c     sysbios.aem4 : BIOS.obj (.text:ti_sysbios_knl_Clock_tickReconfig__E)
                  20010824    0000001c     app_pem4.oem4 (.text:ti_sysbios_knl_Queue_Object__destruct__S)
                  20010840    0000001c     sysbios.aem4 : BIOS.obj (.text:ti_sysbios_knl_Swi_disable__E)
                  2001085c    0000001c                  : BIOS.obj (.text:ti_sysbios_knl_Task_disable__E)
                  20010878    0000001c                  : BIOS.obj (.text:ti_sysbios_knl_Task_enabled__E)
                  20010894    0000001c     driverlib.a : udma.obj (.text:uDMAChannelEnable)
                  200108b0    0000001c     drivers_wifi_cc32xxware_instrumented.aem4 : osi_tirtos.oem4 (.text:vSimpleLinkSpawnTask)
                  200108cc    0000001c     ti.targets.arm.rtsarm.aem4 : Error.oem4 (.text:xdc_runtime_Error_raiseX__E)
                  200108e8    0000001c                                : Memory.oem4 (.text:xdc_runtime_Memory_valloc__E)
                  20010904    0000001c     app_pem4.oem4 (.text:xdc_runtime_Startup_exec__I)
                  20010920    0000001c     ti.targets.arm.rtsarm.aem4 : SysMin.oem4 (.text:xdc_runtime_SysMin_exit__E)
                  2001093c    0000001c                                : System.oem4 (.text:xdc_runtime_System_abort__E)
                  20010958    0000001a     cc3x00_host_driver.aem4 : netapp.oem4 (.text:CopyPingResultsToReport)
                  20010972    0000001a     drivers_cc32xxware_instrumented.aem4 : List.oem4 (.text:List_remove)
                  2001098c    0000001a     driverlib.a : pin.obj (.text:PinTypeUART)
                  200109a6    0000001a                 : spi.obj (.text:SPIDmaDisable)
                  200109c0    0000001a                 : spi.obj (.text:SPIDmaEnable)
                  200109da    0000001a                 : spi.obj (.text:SPIFIFODisable)
                  200109f4    0000001a                 : spi.obj (.text:SPIFIFOEnable)
                  20010a0e    0000001a     sysbios.aem4 : m3_Hwi_asm.obj (.text:ti_sysbios_family_arm_m3_Hwi_pendSV__I)
                  20010a28    0000001a                  : BIOS.obj (.text:ti_sysbios_family_arm_m3_TaskSupport_checkStack__E)
                  20010a42    0000001a                  : BIOS.obj (.text:ti_sysbios_knl_Semaphore_Instance_finalize__E)
                  20010a5c    0000001a     app_pem4.oem4 (.text:xdc_runtime_IHeap_free)
                  20010a76    00000018     driverlib.a : spi.obj (.text:SPICSDisable)
                  20010a8e    00000018                 : spi.obj (.text:SPICSEnable)
                  20010aa6    00000018                 : spi.obj (.text:SPIDisable)
                  20010abe    00000018                 : spi.obj (.text:SPIEnable)
                  20010ad6    00000002     --HOLE-- [fill = 0]
                  20010ad8    00000018     cc3x00_host_driver.aem4 : driver.oem4 (.text:_SlDrvProtectionObjUnLock)
                  20010af0    00000018     rtsv7M4_T_le_eabi.lib : args_main.obj (.text)
                  20010b08    00000018                           : ll_mul_t2.obj (.text)
                  20010b20    00000018                           : strcmp.obj (.text)
                  20010b38    00000018     sysbios.aem4 : BIOS.obj (.text:ti_sysbios_family_arm_m3_Hwi_switchFromBootStack__E)
                  20010b50    00000018                  : BIOS.obj (.text:ti_sysbios_gates_GateMutex_Instance_State_sem$20)
                  20010b68    00000018                  : BIOS.obj (.text:ti_sysbios_gates_GateMutex_Instance_finalize__E)
                  20010b80    00000018                  : BIOS.obj (.text:ti_sysbios_knl_Mailbox_Instance_State_dataQue$5)
                  20010b98    00000018                  : BIOS.obj (.text:ti_sysbios_knl_Mailbox_Instance_State_dataSem$5)
                  20010bb0    00000018                  : BIOS.obj (.text:ti_sysbios_knl_Mailbox_Instance_State_freeQue$5)
                  20010bc8    00000018                  : BIOS.obj (.text:ti_sysbios_knl_Mailbox_Instance_State_freeSem$5)
                  20010be0    00000018                  : BIOS.obj (.text:ti_sysbios_knl_Queue_empty__E)
                  20010bf8    00000018                  : BIOS.obj (.text:ti_sysbios_knl_Semaphore_Instance_State_pendQ$7)
                  20010c10    00000018     ti.targets.arm.rtsarm.aem4 : Error.oem4 (.text:xdc_runtime_Error_check__E)
                  20010c28    00000018                                : System.oem4 (.text:xdc_runtime_System_exit__E)
                  20010c40    00000018                                : Text.oem4 (.text:xdc_runtime_Text_ropeText__E)
                  20010c58    00000016     tirtosport.aem4 : HwiP_tirtos.oem4 (.text:HwiP_delete)
                  20010c6e    00000016     driverlib.a : prcm.obj (.text:PRCMHIBRegRead)
                  20010c84    00000016                 : prcm.obj (.text:PRCMHIBRegWrite)
                  20010c9a    00000016     tirtosport.aem4 : SemaphoreP_tirtos.oem4 (.text:SemaphoreP_delete)
                  20010cb0    00000016     rtsv7M4_T_le_eabi.lib : strchr.obj (.text)
                  20010cc6    00000016     app_pem4.oem4 (.text:ti_sysbios_BIOS_exitFunc__I)
                  20010cdc    00000016     sysbios.aem4 : BIOS.obj (.text:ti_sysbios_family_arm_m3_Hwi_Handle_name$16)
                  20010cf2    00000016                  : BIOS.obj (.text:ti_sysbios_knl_Queue_Instance_init__E)
                  20010d08    00000016                  : BIOS.obj (.text:ti_sysbios_knl_Semaphore_Params_init$5)
                  20010d1e    00000016                  : BIOS.obj (.text:ti_sysbios_knl_Swi_Handle_name$16)
                  20010d34    00000016                  : BIOS.obj (.text:ti_sysbios_knl_Task_Handle_name$16)
                  20010d4a    00000014     driverlib.a : cpu.obj (.text:CPUcpsid)
                  20010d5e    00000014                 : cpu.obj (.text:CPUcpsie)
                  20010d72    00000002     --HOLE-- [fill = 0]
                  20010d74    00000014     drivers_cc32xxware_instrumented.aem4 : SPI.oem4 (.text:SPI_Params_init)
                  20010d88    00000014     tirtosport.aem4 : DebugP_tirtos.oem4 (.text:_DebugP_assert)
                  20010d9c    00000014     drivers_wifi_cc32xxware_instrumented.aem4 : osi_tirtos.oem4 (.text:osi_SyncObjClear)
                  20010db0    00000014     rtsv7M4_T_le_eabi.lib : _lock.obj (.text)
                  20010dc4    00000014                           : strcpy.obj (.text)
                  20010dd8    00000014                           : strlen.obj (.text)
                  20010dec    00000014     sysbios.aem4 : BIOS.obj (.text:ti_sysbios_BIOS_exit__E)
                  20010e00    00000014                  : BIOS.obj (.text:ti_sysbios_gates_GateHwi_enter__E)
                  20010e14    00000014     app_pem4.oem4 (.text:ti_sysbios_hal_Hwi_HwiProxy_getStackInfo__E)
                  20010e28    00000014     sysbios.aem4 : BIOS.obj (.text:ti_sysbios_hal_Hwi_Module_startup__E)
                  20010e3c    00000014                  : BIOS.obj (.text:ti_sysbios_hal_Hwi_getStackInfo__E)
                  20010e50    00000014                  : BIOS.obj (.text:ti_sysbios_knl_Clock_Module_State_clockQ$1)
                  20010e64    00000014     app_pem4.oem4 (.text:ti_sysbios_knl_Clock_Module_State_clockQ)
                  20010e78    00000014     sysbios.aem4 : BIOS.obj (.text:ti_sysbios_knl_Clock_setTicks__E)
                  20010e8c    00000014                  : BIOS.obj (.text:ti_sysbios_knl_Queue_elemClear__E)
                  20010ea0    00000014                  : BIOS.obj (.text:ti_sysbios_knl_Task_Module_State_inactiveQ$10)
                  20010eb4    00000014     driverlib.a : udma.obj (.text:uDMAControlBaseSet)
                  20010ec8    00000014     app_pem4.oem4 (.text:xdc_runtime_Memory_HeapProxy_free__E)
                  20010edc    00000012     tirtosport.aem4 : SemaphoreP_tirtos.oem4 (.text:SemaphoreP_pend)
                  20010eee    00000012     cc3x00_host_driver.aem4 : driver.oem4 (.text:_SlDrvObjLockWaitForever)
                  20010f00    00000012                             : driver.oem4 (.text:_SlDrvSyncObjWaitForever)
                  20010f12    00000012     sysbios.aem4 : BIOS.obj (.text:ti_sysbios_gates_GateHwi_leave__E)
                  20010f24    00000010     drivers_wifi_cc32xxware_instrumented.aem4 : WiFiCC3200.oem4 (.text:CC3X00_NWP_maskInterrupt)
                  20010f34    00000010     cc3x00_host_driver.aem4 : device.oem4 (.text:_sl_GetStartResponseConvert)
                  20010f44    00000010     app_pem4.oem4 (.text:ti_sysbios_BIOS_RtsGateProxy_leave__E)
                  20010f54    00000010     sysbios.aem4 : BIOS.obj (.text:ti_sysbios_BIOS_getThreadType__E)
                  20010f64    00000010                  : BIOS.obj (.text:ti_sysbios_BIOS_start__E)
                  20010f74    00000010                  : BIOS.obj (.text:ti_sysbios_family_arm_m3_Hwi_Object_get$16)
                  20010f84    00000010                  : BIOS.obj (.text:ti_sysbios_family_arm_m3_Hwi_doSwiRestore__I)
                  20010f94    00000010                  : BIOS.obj (.text:ti_sysbios_family_arm_m3_Hwi_restoreFxn__E)
                  20010fa4    00000010                  : m3_TaskSupport_asm.obj (.text:ti_sysbios_family_arm_m3_TaskSupport_glue)
                  20010fb4    00000010                  : m3_TaskSupport_asm.obj (.text:ti_sysbios_family_arm_m3_TaskSupport_swap__E)
                  20010fc4    00000010     app_pem4.oem4 (.text:ti_sysbios_heaps_HeapMem_Module_GateProxy_leave__E)
                  20010fd4    00000010     sysbios.aem4 : BIOS.obj (.text:ti_sysbios_heaps_HeapMem_Object_get$21)
                  20010fe4    00000010     app_pem4.oem4 (.text:ti_sysbios_knl_Clock_TimerProxy_setPeriodMicroSecs__E)
                  20010ff4    00000010     sysbios.aem4 : BIOS.obj (.text:ti_sysbios_knl_Clock_getTicks__E)
                  20011004    00000010                  : BIOS.obj (.text:ti_sysbios_knl_Clock_stop__E)
                  20011014    00000010                  : BIOS.obj (.text:ti_sysbios_knl_Clock_tickStart__E)
                  20011024    00000010                  : BIOS.obj (.text:ti_sysbios_knl_Clock_tickStop__E)
                  20011034    00000010                  : BIOS.obj (.text:ti_sysbios_knl_Mailbox_Object_get$5)
                  20011044    00000010                  : BIOS.obj (.text:ti_sysbios_knl_Queue_Object_get$10)
                  20011054    00000010                  : BIOS.obj (.text:ti_sysbios_knl_Swi_Object_get$8)
                  20011064    00000010                  : BIOS.obj (.text:ti_sysbios_knl_Swi_enabled__E)
                  20011074    00000010                  : BIOS.obj (.text:ti_sysbios_knl_Task_Object_get$10)
                  20011084    00000010     app_pem4.oem4 (.text:ti_sysbios_knl_Task_SupportProxy_checkStack__E)
                  20011094    00000010     app_pem4.oem4 (.text:ti_sysbios_knl_Task_SupportProxy_swap__E)
                  200110a4    00000010     ti.targets.arm.rtsarm.aem4 : Gate.oem4 (.text:xdc_runtime_Gate_leaveSystem__E)
                  200110b4    00000010                                : Memory.oem4 (.text:xdc_runtime_Memory_free__E)
                  200110c4    00000010                                : SysMin.oem4 (.text:xdc_runtime_SysMin_ready__E)
                  200110d4    00000010     app_pem4.oem4 (.text:xdc_runtime_System_Module_GateProxy_leave__E)
                  200110e4    00000010     app_pem4.oem4 (.text:xdc_runtime_System_SupportProxy_putch__E)
                  200110f4    00000010     ti.targets.arm.rtsarm.aem4 : System.oem4 (.text:xdc_runtime_System_vsnprintf__E)
                  20011104    0000000e     tirtosport.aem4 : HwiP_tirtos.oem4 (.text:HwiP_Params_init)
                  20011112    0000000e     cc3x00_host_driver.aem4 : driver.oem4 (.text:_SlDrvObjUnLock)
                  20011120    0000000e                             : driver.oem4 (.text:_SlDrvSyncObjSignal)
                  2001112e    0000000e     rtsv7M4_T_le_eabi.lib : copy_decompress_none.obj (.text:decompress:none)
                  2001113c    0000000e     sysbios.aem4 : BIOS.obj (.text:ti_sysbios_family_arm_m3_Hwi_doTaskRestore__I)
                  2001114a    0000000e                  : BIOS.obj (.text:ti_sysbios_knl_Queue_head__E)
                  20011158    0000000e                  : BIOS.obj (.text:ti_sysbios_knl_Queue_next__E)
                  20011166    0000000e                  : BIOS.obj (.text:ti_sysbios_knl_Swi_postInit__I)
                  20011174    0000000c     drivers_wifi_cc32xxware_instrumented.aem4 : WiFiCC3200.oem4 (.text:CC3X00_NWP_unMaskInterrupt)
                  20011180    0000000c     driverlib.a : cpu.obj (.text:CPUwfi)
                  2001118c    0000000c     drivers_cc32xxware_instrumented.aem4 : PowerCC3200.oem4 (.text:Power_getConstraintMask)
                  20011198    0000000c     rtsv7M4_T_le_eabi.lib : copy_zero_init.obj (.text:decompress:ZI)
                  200111a4    0000000c     drivers_wifi_cc32xxware_instrumented.aem4 : osi_tirtos.oem4 (.text:osi_LockObjUnlock)
                  200111b0    0000000c                                               : osi_tirtos.oem4 (.text:osi_SyncObjSignal)
                  200111bc    0000000c                                               : osi_tirtos.oem4 (.text:osi_SyncObjSignalFromISR)
                  200111c8    0000000c     drivers_cc32xxware_instrumented.aem4 : SPICC3200DMA.oem4 (.text:postNotifyFxn)
                  200111d4    0000000c     app_pem4.oem4 (.text:ti_sysbios_BIOS_RtsGateProxy_enter__E)
                  200111e0    0000000c     app_pem4.oem4 (.text:ti_sysbios_family_arm_m3_Hwi_destruct)
                  200111ec    0000000c     sysbios.aem4 : BIOS.obj (.text:ti_sysbios_family_arm_m3_Hwi_disableFxn__E)
                  200111f8    0000000c                  : BIOS.obj (.text:ti_sysbios_family_arm_m3_TaskSupport_getStackAlignment__E)
                  20011204    0000000c                  : BIOS.obj (.text:ti_sysbios_family_arm_m3_Timer_getMaxTicks__E)
                  20011210    0000000c                  : BIOS.obj (.text:ti_sysbios_gates_GateHwi_Instance_init__E)
                  2001121c    0000000c                  : BIOS.obj (.text:ti_sysbios_gates_GateHwi_query__E)
                  20011228    0000000c                  : BIOS.obj (.text:ti_sysbios_gates_GateMutex_query__E)
                  20011234    0000000c     app_pem4.oem4 (.text:ti_sysbios_heaps_HeapMem_Module_GateProxy_enter__E)
                  20011240    0000000c     app_pem4.oem4 (.text:ti_sysbios_heaps_HeapMem_Module_GateProxy_query__E)
                  2001124c    0000000c     sysbios.aem4 : BIOS.obj (.text:ti_sysbios_heaps_HeapMem_isBlocking__E)
                  20011258    0000000c     app_pem4.oem4 (.text:ti_sysbios_knl_Clock_TimerProxy_getMaxTicks__E)
                  20011264    0000000c     app_pem4.oem4 (.text:ti_sysbios_knl_Clock_TimerProxy_start__E)
                  20011270    0000000c     app_pem4.oem4 (.text:ti_sysbios_knl_Clock_TimerProxy_stop__E)
                  2001127c    0000000c     sysbios.aem4 : BIOS.obj (.text:ti_sysbios_knl_Clock_handle$7)
                  20011288    0000000c                  : BIOS.obj (.text:ti_sysbios_knl_Clock_removeI__E)
                  20011294    0000000c                  : BIOS.obj (.text:ti_sysbios_knl_Idle_loop__E)
                  200112a0    0000000c     app_pem4.oem4 (.text:ti_sysbios_knl_Mailbox_delete)
                  200112ac    0000000c     app_pem4.oem4 (.text:ti_sysbios_knl_Queue_destruct)
                  200112b8    0000000c     sysbios.aem4 : BIOS.obj (.text:ti_sysbios_knl_Queue_struct$5)
                  200112c4    0000000c                  : BIOS.obj (.text:ti_sysbios_knl_Queue_struct$7)
                  200112d0    0000000c     app_pem4.oem4 (.text:ti_sysbios_knl_Semaphore_destruct)
                  200112dc    0000000c     sysbios.aem4 : BIOS.obj (.text:ti_sysbios_knl_Semaphore_struct$20)
                  200112e8    0000000c                  : BIOS.obj (.text:ti_sysbios_knl_Semaphore_struct$5)
                  200112f4    0000000c                  : BIOS.obj (.text:ti_sysbios_knl_Swi_self__E)
                  20011300    0000000c                  : BIOS.obj (.text:ti_sysbios_knl_Task_handle$10)
                  2001130c    0000000c                  : BIOS.obj (.text:ti_sysbios_knl_Task_self__E)
                  20011318    0000000c     driverlib.a : udma.obj (.text:uDMAControlBaseGet)
                  20011324    0000000c                 : udma.obj (.text:uDMAEnable)
                  20011330    0000000c                 : udma.obj (.text:uDMAIntStatus)
                  2001133c    0000000c     app_pem4.oem4 (.text:xdc_iargToPtr)
                  20011348    0000000c     ti.targets.arm.rtsarm.aem4 : Error.oem4 (.text:xdc_runtime_Error_init__E)
                  20011354    0000000c                                : Gate.oem4 (.text:xdc_runtime_Gate_enterSystem__E)
                  20011360    0000000c                                : Memory.oem4 (.text:xdc_runtime_Memory_calloc__E)
                  2001136c    0000000c                                : Memory.oem4 (.text:xdc_runtime_Memory_getMaxDefaultTypeAlign__E)
                  20011378    0000000c     app_pem4.oem4 (.text:xdc_runtime_System_Module_GateProxy_enter__E)
                  20011384    0000000c     app_pem4.oem4 (.text:xdc_runtime_System_SupportProxy_abort__E)
                  20011390    0000000c     app_pem4.oem4 (.text:xdc_runtime_System_SupportProxy_exit__E)
                  2001139c    0000000c     sysbios.aem4 : BIOS.obj (.text:xdc_uargToPtr$10)
                  200113a8    0000000c                  : BIOS.obj (.text:xdc_uargToPtr$21)
                  200113b4    0000000c                  : BIOS.obj (.text:xdc_uargToPtr$7)
                  200113c0    0000000a     driverlib.a : interrupt.obj (.text:IntMasterEnable)
                  200113ca    0000000a     drivers_cc32xxware_instrumented.aem4 : List.oem4 (.text:List_empty)
                  200113d4    0000000a                                          : SPI.oem4 (.text:SPI_transfer)
                  200113de    0000000a     tirtosport.aem4 : SemaphoreP_tirtos.oem4 (.text:SemaphoreP_post)
                  200113e8    0000000a     sysbios.aem4 : BIOS.obj (.text:ti_sysbios_knl_Swi_startup__E)
                  200113f2    0000000a                  : BIOS.obj (.text:ti_sysbios_knl_Task_startup__E)
                  200113fc    00000008     driverlib.a : prcm.obj (.text:PRCMSleepEnter)
                  20011404    00000008     tirtosport.aem4 : SemaphoreP_tirtos.oem4 (.text:SemaphoreP_Params_init)
                  2001140c    00000008     cc3x00_host_driver.aem4 : driver.oem4 (.text:_SlDrvMemZero)
                  20011414    00000008     rtsv7M4_T_le_eabi.lib : s_copysign.obj (.text)
                  2001141c    00000008     app_pem4.oem4 (.text:ti_sysbios_family_arm_m3_Hwi_Module__startupDone__S)
                  20011424    00000008     sysbios.aem4 : BIOS.obj (.text:ti_sysbios_family_arm_m3_Hwi_startup__E)
                  2001142c    00000008     app_pem4.oem4 (.text:ti_sysbios_family_arm_m3_Timer_Module__startupDone__S)
                  20011434    00000008     app_pem4.oem4 (.text:ti_sysbios_hal_Hwi_HwiProxy_Module__startupDone__S)
                  2001143c    00000008     app_pem4.oem4 (.text:ti_sysbios_hal_Hwi_HwiProxy_startup__E)
                  20011444    00000008     app_pem4.oem4 (.text:ti_sysbios_hal_Hwi_HwiProxy_switchFromBootStack__E)
                  2001144c    00000008     sysbios.aem4 : BIOS.obj (.text:ti_sysbios_hal_Hwi_startup__E)
                  20011454    00000008                  : BIOS.obj (.text:ti_sysbios_hal_Hwi_switchFromBootStack__E)
                  2001145c    00000008     app_pem4.oem4 (.text:ti_sysbios_knl_Clock_TimerProxy_Module__startupDone__S)
                  20011464    00000008     sysbios.aem4 : BIOS.obj (.text:ti_sysbios_knl_Clock_getTicksUntilTimeout__E)
                  2001146c    00000008     app_pem4.oem4 (.text:ti_sysbios_knl_Task_SupportProxy_Module__startupDone__S)
                  20011474    00000008     app_pem4.oem4 (.text:ti_sysbios_knl_Task_SupportProxy_getStackAlignment__E)
                  2001147c    00000008     app_pem4.oem4 (.text:xdc_runtime_System_SupportProxy_ready__E)
                  20011484    00000006     drivers_cc32xxware_instrumented.aem4 : SPICC3200DMA.oem4 (.text:SPICC3200DMA_control)
                  2001148a    00000006     driverlib.a : utils.obj (.text:UtilsDelay)
                  20011490    00000006     ti.targets.arm.rtsarm.aem4 : System.oem4 (.text:xdc_runtime_System_Module_startup__E)
                  20011496    00000004     tirtosport.aem4 : HwiP_tirtos.oem4 (.text:HwiP_clearInterrupt)
                  2001149a    00000004                     : HwiP_tirtos.oem4 (.text:HwiP_disable)
                  2001149e    00000004     drivers_cc32xxware_instrumented.aem4 : List.oem4 (.text:List_head)
                  200114a2    00000004                                          : List.oem4 (.text:List_next)
                  200114a6    00000004     drivers_wifi_cc32xxware_instrumented.aem4 : osi_tirtos.oem4 (.text:mem_Malloc)
                  200114aa    00000004     app_pem4.oem4 (.text:ti_sysbios_family_arm_m3_TaskSupport_Module__startupDone__S)
                  200114ae    00000004     ti.targets.arm.rtsarm.aem4 : Error.oem4 (.text:xdc_runtime_Error_getSite__E)
                  200114b2    00000004                                : System.oem4 (.text:xdc_runtime_System_aprintf_va__F)
                  200114b6    00000004                                : System.oem4 (.text:xdc_runtime_System_printf_va__F)

.const     0    200194bc    000023ad     
                  200194bc    0000180f     app_pem4.oem4 (.const:xdc_runtime_Text_charTab__A)
                  2001accb    00000101     rtsv7M4_T_le_eabi.lib : ctype.obj (.const:.string:_ctypes_)
                  2001adcc    00000100     driverlib.a : pin.obj (.const:g_ulPinToPadMap)
                  2001aecc    000000b0     app_pem4.oem4 (.const:xdc_runtime_Text_nodeTab__A)
                  2001af7c    000000a8     driverlib.a : prcm.obj (.const:PRCM_PeriphRegsList)
                  2001b024    00000068     CC3200_LAUNCHXL.obj (.const:spiCC3200DMAHWAttrs)
                  2001b08c    00000060     drivers_cc32xxware_instrumented.aem4 : SPICC3200DMA.oem4 (.const)
                  2001b0ec    00000048     app_pem4.oem4 (.const:.string)
                  2001b134    0000003c     cc3x00_host_driver.aem4 : driver.oem4 (.const:OpcodeTranslateTable)
                  2001b170    0000003c     app_pem4.oem4 (.const:ti_sysbios_knl_Task_Object__PARAMS__C)
                  2001b1ac    00000038     cc3x00_host_driver.aem4 : driver.oem4 (.const:_SlActionLookupTable)
                  2001b1e4    00000034     app_pem4.oem4 (.const:ti_sysbios_knl_Mailbox_Object__PARAMS__C)
                  2001b218    00000030     app_pem4.oem4 (.const:ti_sysbios_family_arm_m3_Hwi_Object__PARAMS__C)
                  2001b248    00000028     CC3200_LAUNCHXL.obj (.const:PowerCC3200_config)
                  2001b270    00000028     cc3x00_host_driver.aem4 : netapp.oem4 (.const)
                  2001b298    00000028     app_pem4.oem4 (.const:ti_sysbios_heaps_HeapMem_Module__FXNS__C)
                  2001b2c0    00000024     CC3200_LAUNCHXL.obj (.const:SPI_config)
                  2001b2e4    00000024     cc3x00_host_driver.aem4 : driver.oem4 (.const)
                  2001b308    00000024     app_pem4.oem4 (.const:ti_sysbios_gates_GateHwi_Module__FXNS__C)
                  2001b32c    00000024     app_pem4.oem4 (.const:ti_sysbios_gates_GateMutex_Module__FXNS__C)
                  2001b350    00000024     app_pem4.oem4 (.const:ti_sysbios_heaps_HeapMem_Object__PARAMS__C)
                  2001b374    00000024     app_pem4.oem4 (.const:ti_sysbios_knl_Semaphore_Object__PARAMS__C)
                  2001b398    00000024     app_pem4.oem4 (.const:xdc_runtime_Startup_sfxnTab__A)
                  2001b3bc    00000020     drivers_cc32xxware_instrumented.aem4 : SPI.oem4 (.const)
                  2001b3dc    00000020     app_pem4.oem4 (.const:ti_sysbios_family_arm_m3_Hwi_Object__DESC__C)
                  2001b3fc    00000020     app_pem4.oem4 (.const:ti_sysbios_gates_GateHwi_Object__DESC__C)
                  2001b41c    00000020     app_pem4.oem4 (.const:ti_sysbios_gates_GateMutex_Object__DESC__C)
                  2001b43c    00000020     app_pem4.oem4 (.const:ti_sysbios_heaps_HeapMem_Object__DESC__C)
                  2001b45c    00000020     app_pem4.oem4 (.const:ti_sysbios_knl_Mailbox_Object__DESC__C)
                  2001b47c    00000020     app_pem4.oem4 (.const:ti_sysbios_knl_Queue_Object__DESC__C)
                  2001b49c    00000020     app_pem4.oem4 (.const:ti_sysbios_knl_Semaphore_Object__DESC__C)
                  2001b4bc    00000020     app_pem4.oem4 (.const:ti_sysbios_knl_Task_Object__DESC__C)
                  2001b4dc    00000018     driverlib.a : interrupt.obj (.const:g_pulEnRegs)
                  2001b4f4    00000018                 : spi.obj (.const:g_ulSPIDmaMaskMap)
                  2001b50c    00000018     app_pem4.oem4 (.const:ti_sysbios_gates_GateHwi_Object__PARAMS__C)
                  2001b524    00000018     app_pem4.oem4 (.const:ti_sysbios_gates_GateMutex_Object__PARAMS__C)
                  2001b53c    00000018     app_pem4.oem4 (.const:ti_sysbios_knl_Queue_Object__PARAMS__C)
                  2001b554    00000012     app_pem4.oem4 (.const:xdc_runtime_Startup_sfxnRts__A)
                  2001b566    00000002     app_pem4.oem4 (.const:ti_sysbios_family_arm_m3_Hwi_Module__id__C)
                  2001b568    0000000c     app_pem4.oem4 (.const:xdc_runtime_Startup_firstFxns__A)
                  2001b574    00000008     cc3x00_host_driver.aem4 : device.oem4 (.const:.string)
                  2001b57c    00000008     app_pem4.oem4 (.const:ti_sysbios_family_arm_m3_Hwi_excHookFuncs__A)
                  2001b584    00000008     app_pem4.oem4 (.const:ti_sysbios_knl_Idle_funcList__A)
                  2001b58c    00000008     app_pem4.oem4 (.const:ti_sysbios_knl_Idle_funcList__C)
                  2001b594    00000008     app_pem4.oem4 (.const:xdc_runtime_Startup_firstFxns__C)
                  2001b59c    00000008     app_pem4.oem4 (.const:xdc_runtime_Startup_lastFxns__C)
                  2001b5a4    00000004     app_pem4.oem4 (.const:ti_sysbios_BIOS_installedErrorHook__C)
                  2001b5a8    00000004     app_pem4.oem4 (.const:ti_sysbios_family_arm_m3_Hwi_E_NMI__C)
                  2001b5ac    00000004     app_pem4.oem4 (.const:ti_sysbios_family_arm_m3_Hwi_E_alreadyDefined__C)
                  2001b5b0    00000004     app_pem4.oem4 (.const:ti_sysbios_family_arm_m3_Hwi_E_busFault__C)
                  2001b5b4    00000004     app_pem4.oem4 (.const:ti_sysbios_family_arm_m3_Hwi_E_debugMon__C)
                  2001b5b8    00000004     app_pem4.oem4 (.const:ti_sysbios_family_arm_m3_Hwi_E_hardFault__C)
                  2001b5bc    00000004     app_pem4.oem4 (.const:ti_sysbios_family_arm_m3_Hwi_E_memFault__C)
                  2001b5c0    00000004     app_pem4.oem4 (.const:ti_sysbios_family_arm_m3_Hwi_E_noIsr__C)
                  2001b5c4    00000004     app_pem4.oem4 (.const:ti_sysbios_family_arm_m3_Hwi_E_reserved__C)
                  2001b5c8    00000004     app_pem4.oem4 (.const:ti_sysbios_family_arm_m3_Hwi_E_svCall__C)
                  2001b5cc    00000004     app_pem4.oem4 (.const:ti_sysbios_family_arm_m3_Hwi_E_usageFault__C)
                  2001b5d0    00000004     app_pem4.oem4 (.const:ti_sysbios_family_arm_m3_Hwi_LD_end__C)
                  2001b5d4    00000004     app_pem4.oem4 (.const:ti_sysbios_family_arm_m3_Hwi_LM_begin__C)
                  2001b5d8    00000004     app_pem4.oem4 (.const:ti_sysbios_family_arm_m3_Hwi_Module__diagsEnabled__C)
                  2001b5dc    00000004     app_pem4.oem4 (.const:ti_sysbios_family_arm_m3_Hwi_Module__diagsIncluded__C)
                  2001b5e0    00000004     app_pem4.oem4 (.const:ti_sysbios_family_arm_m3_Hwi_Module__diagsMask__C)
                  2001b5e4    00000004     app_pem4.oem4 (.const:ti_sysbios_family_arm_m3_Hwi_Module__loggerFxn1__C)
                  2001b5e8    00000004     app_pem4.oem4 (.const:ti_sysbios_family_arm_m3_Hwi_Module__loggerFxn8__C)
                  2001b5ec    00000004     app_pem4.oem4 (.const:ti_sysbios_family_arm_m3_Hwi_Module__loggerObj__C)
                  2001b5f0    00000004     app_pem4.oem4 (.const:ti_sysbios_family_arm_m3_Hwi_NUM_INTERRUPTS__C)
                  2001b5f4    00000004     app_pem4.oem4 (.const:ti_sysbios_family_arm_m3_Hwi_Object__count__C)
                  2001b5f8    00000004     app_pem4.oem4 (.const:ti_sysbios_family_arm_m3_Hwi_Object__table__C)
                  2001b5fc    00000004     app_pem4.oem4 (.const:ti_sysbios_family_arm_m3_Hwi_ccr__C)
                  2001b600    00000004     app_pem4.oem4 (.const:ti_sysbios_family_arm_m3_Hwi_excHandlerFunc__C)
                  2001b604    00000004     app_pem4.oem4 (.const:ti_sysbios_family_arm_m3_Hwi_excHookFuncs__C)
                  2001b608    00000004     app_pem4.oem4 (.const:ti_sysbios_family_arm_m3_Hwi_nullIsrFunc__C)
                  2001b60c    00000004     app_pem4.oem4 (.const:ti_sysbios_family_arm_m3_Hwi_priGroup__C)
                  2001b610    00000004     app_pem4.oem4 (.const:ti_sysbios_family_arm_m3_TaskSupport_stackAlignment__C)
                  2001b614    00000004     app_pem4.oem4 (.const:ti_sysbios_family_arm_m3_Timer_E_cannotSupport__C)
                  2001b618    00000004     app_pem4.oem4 (.const:ti_sysbios_family_arm_m3_Timer_startupNeeded__C)
                  2001b61c    00000004     app_pem4.oem4 (.const:ti_sysbios_gates_GateMutex_A_badContext__C)
                  2001b620    00000004     app_pem4.oem4 (.const:ti_sysbios_gates_GateMutex_Instance_State_sem__O)
                  2001b624    00000004     app_pem4.oem4 (.const:ti_sysbios_gates_GateMutex_Module__diagsEnabled__C)
                  2001b628    00000004     app_pem4.oem4 (.const:ti_sysbios_gates_GateMutex_Module__diagsIncluded__C)
                  2001b62c    00000004     app_pem4.oem4 (.const:ti_sysbios_gates_GateMutex_Module__diagsMask__C)
                  2001b630    00000004     app_pem4.oem4 (.const:ti_sysbios_hal_Hwi_E_stackOverflow__C)
                  2001b634    00000004     app_pem4.oem4 (.const:ti_sysbios_heaps_HeapMem_A_align__C)
                  2001b638    00000004     app_pem4.oem4 (.const:ti_sysbios_heaps_HeapMem_A_heapSize__C)
                  2001b63c    00000004     app_pem4.oem4 (.const:ti_sysbios_heaps_HeapMem_A_invalidFree__C)
                  2001b640    00000004     app_pem4.oem4 (.const:ti_sysbios_heaps_HeapMem_A_zeroBlock__C)
                  2001b644    00000004     app_pem4.oem4 (.const:ti_sysbios_heaps_HeapMem_E_memory__C)
                  2001b648    00000004     app_pem4.oem4 (.const:ti_sysbios_heaps_HeapMem_Module__diagsEnabled__C)
                  2001b64c    00000004     app_pem4.oem4 (.const:ti_sysbios_heaps_HeapMem_Module__diagsIncluded__C)
                  2001b650    00000004     app_pem4.oem4 (.const:ti_sysbios_heaps_HeapMem_Module__diagsMask__C)
                  2001b654    00000004     app_pem4.oem4 (.const:ti_sysbios_heaps_HeapMem_Module__gateObj__C)
                  2001b658    00000004     app_pem4.oem4 (.const:ti_sysbios_heaps_HeapMem_Object__count__C)
                  2001b65c    00000004     app_pem4.oem4 (.const:ti_sysbios_heaps_HeapMem_Object__table__C)
                  2001b660    00000004     app_pem4.oem4 (.const:ti_sysbios_heaps_HeapMem_reqAlign__C)
                  2001b664    00000004     app_pem4.oem4 (.const:ti_sysbios_knl_Clock_LM_begin__C)
                  2001b668    00000004     app_pem4.oem4 (.const:ti_sysbios_knl_Clock_LM_tick__C)
                  2001b66c    00000004     app_pem4.oem4 (.const:ti_sysbios_knl_Clock_LW_delayed__C)
                  2001b670    00000004     app_pem4.oem4 (.const:ti_sysbios_knl_Clock_Module_State_clockQ__O)
                  2001b674    00000004     app_pem4.oem4 (.const:ti_sysbios_knl_Clock_Module__diagsEnabled__C)
                  2001b678    00000004     app_pem4.oem4 (.const:ti_sysbios_knl_Clock_Module__diagsIncluded__C)
                  2001b67c    00000004     app_pem4.oem4 (.const:ti_sysbios_knl_Clock_Module__diagsMask__C)
                  2001b680    00000004     app_pem4.oem4 (.const:ti_sysbios_knl_Clock_Module__loggerFxn1__C)
                  2001b684    00000004     app_pem4.oem4 (.const:ti_sysbios_knl_Clock_Module__loggerFxn2__C)
                  2001b688    00000004     app_pem4.oem4 (.const:ti_sysbios_knl_Clock_Module__loggerObj__C)
                  2001b68c    00000004     app_pem4.oem4 (.const:ti_sysbios_knl_Clock_tickPeriod__C)
                  2001b690    00000004     app_pem4.oem4 (.const:ti_sysbios_knl_Mailbox_A_invalidBufSize__C)
                  2001b694    00000004     app_pem4.oem4 (.const:ti_sysbios_knl_Mailbox_Instance_State_dataQue__O)
                  2001b698    00000004     app_pem4.oem4 (.const:ti_sysbios_knl_Mailbox_Instance_State_dataSem__O)
                  2001b69c    00000004     app_pem4.oem4 (.const:ti_sysbios_knl_Mailbox_Instance_State_freeQue__O)
                  2001b6a0    00000004     app_pem4.oem4 (.const:ti_sysbios_knl_Mailbox_Instance_State_freeSem__O)
                  2001b6a4    00000004     app_pem4.oem4 (.const:ti_sysbios_knl_Mailbox_Module__diagsEnabled__C)
                  2001b6a8    00000004     app_pem4.oem4 (.const:ti_sysbios_knl_Mailbox_Module__diagsIncluded__C)
                  2001b6ac    00000004     app_pem4.oem4 (.const:ti_sysbios_knl_Mailbox_Module__diagsMask__C)
                  2001b6b0    00000004     app_pem4.oem4 (.const:ti_sysbios_knl_Mailbox_Object__count__C)
                  2001b6b4    00000004     app_pem4.oem4 (.const:ti_sysbios_knl_Mailbox_Object__table__C)
                  2001b6b8    00000004     app_pem4.oem4 (.const:ti_sysbios_knl_Mailbox_maxTypeAlign__C)
                  2001b6bc    00000004     app_pem4.oem4 (.const:ti_sysbios_knl_Queue_Object__count__C)
                  2001b6c0    00000004     app_pem4.oem4 (.const:ti_sysbios_knl_Queue_Object__table__C)
                  2001b6c4    00000004     app_pem4.oem4 (.const:ti_sysbios_knl_Semaphore_A_badContext__C)
                  2001b6c8    00000004     app_pem4.oem4 (.const:ti_sysbios_knl_Semaphore_A_noEvents__C)
                  2001b6cc    00000004     app_pem4.oem4 (.const:ti_sysbios_knl_Semaphore_A_overflow__C)
                  2001b6d0    00000004     app_pem4.oem4 (.const:ti_sysbios_knl_Semaphore_A_pendTaskDisabled__C)
                  2001b6d4    00000004     app_pem4.oem4 (.const:ti_sysbios_knl_Semaphore_Instance_State_pendQ__O)
                  2001b6d8    00000004     app_pem4.oem4 (.const:ti_sysbios_knl_Semaphore_LM_pend__C)
                  2001b6dc    00000004     app_pem4.oem4 (.const:ti_sysbios_knl_Semaphore_LM_post__C)
                  2001b6e0    00000004     app_pem4.oem4 (.const:ti_sysbios_knl_Semaphore_Module__diagsEnabled__C)
                  2001b6e4    00000004     app_pem4.oem4 (.const:ti_sysbios_knl_Semaphore_Module__diagsIncluded__C)
                  2001b6e8    00000004     app_pem4.oem4 (.const:ti_sysbios_knl_Semaphore_Module__diagsMask__C)
                  2001b6ec    00000004     app_pem4.oem4 (.const:ti_sysbios_knl_Semaphore_Module__loggerFxn2__C)
                  2001b6f0    00000004     app_pem4.oem4 (.const:ti_sysbios_knl_Semaphore_Module__loggerFxn4__C)
                  2001b6f4    00000004     app_pem4.oem4 (.const:ti_sysbios_knl_Semaphore_Module__loggerObj__C)
                  2001b6f8    00000004     app_pem4.oem4 (.const:ti_sysbios_knl_Swi_LD_end__C)
                  2001b6fc    00000004     app_pem4.oem4 (.const:ti_sysbios_knl_Swi_LM_begin__C)
                  2001b700    00000004     app_pem4.oem4 (.const:ti_sysbios_knl_Swi_LM_post__C)
                  2001b704    00000004     app_pem4.oem4 (.const:ti_sysbios_knl_Swi_Module__diagsEnabled__C)
                  2001b708    00000004     app_pem4.oem4 (.const:ti_sysbios_knl_Swi_Module__diagsIncluded__C)
                  2001b70c    00000004     app_pem4.oem4 (.const:ti_sysbios_knl_Swi_Module__diagsMask__C)
                  2001b710    00000004     app_pem4.oem4 (.const:ti_sysbios_knl_Swi_Module__loggerFxn1__C)
                  2001b714    00000004     app_pem4.oem4 (.const:ti_sysbios_knl_Swi_Module__loggerFxn4__C)
                  2001b718    00000004     app_pem4.oem4 (.const:ti_sysbios_knl_Swi_Module__loggerObj__C)
                  2001b71c    00000004     app_pem4.oem4 (.const:ti_sysbios_knl_Swi_Object__count__C)
                  2001b720    00000004     app_pem4.oem4 (.const:ti_sysbios_knl_Swi_Object__table__C)
                  2001b724    00000004     app_pem4.oem4 (.const:ti_sysbios_knl_Swi_numConstructedSwis__C)
                  2001b728    00000004     app_pem4.oem4 (.const:ti_sysbios_knl_Task_A_badPriority__C)
                  2001b72c    00000004     app_pem4.oem4 (.const:ti_sysbios_knl_Task_A_badTaskState__C)
                  2001b730    00000004     app_pem4.oem4 (.const:ti_sysbios_knl_Task_A_badThreadType__C)
                  2001b734    00000004     app_pem4.oem4 (.const:ti_sysbios_knl_Task_A_noPendElem__C)
                  2001b738    00000004     app_pem4.oem4 (.const:ti_sysbios_knl_Task_A_taskDisabled__C)
                  2001b73c    00000004     app_pem4.oem4 (.const:ti_sysbios_knl_Task_E_spOutOfBounds__C)
                  2001b740    00000004     app_pem4.oem4 (.const:ti_sysbios_knl_Task_E_stackOverflow__C)
                  2001b744    00000004     app_pem4.oem4 (.const:ti_sysbios_knl_Task_LD_block__C)
                  2001b748    00000004     app_pem4.oem4 (.const:ti_sysbios_knl_Task_LD_exit__C)
                  2001b74c    00000004     app_pem4.oem4 (.const:ti_sysbios_knl_Task_LD_ready__C)
                  2001b750    00000004     app_pem4.oem4 (.const:ti_sysbios_knl_Task_LM_switch__C)
                  2001b754    00000004     app_pem4.oem4 (.const:ti_sysbios_knl_Task_Module_State_inactiveQ__O)
                  2001b758    00000004     app_pem4.oem4 (.const:ti_sysbios_knl_Task_Module__diagsEnabled__C)
                  2001b75c    00000004     app_pem4.oem4 (.const:ti_sysbios_knl_Task_Module__diagsIncluded__C)
                  2001b760    00000004     app_pem4.oem4 (.const:ti_sysbios_knl_Task_Module__diagsMask__C)
                  2001b764    00000004     app_pem4.oem4 (.const:ti_sysbios_knl_Task_Module__loggerFxn2__C)
                  2001b768    00000004     app_pem4.oem4 (.const:ti_sysbios_knl_Task_Module__loggerFxn4__C)
                  2001b76c    00000004     app_pem4.oem4 (.const:ti_sysbios_knl_Task_Module__loggerObj__C)
                  2001b770    00000004     app_pem4.oem4 (.const:ti_sysbios_knl_Task_Object__count__C)
                  2001b774    00000004     app_pem4.oem4 (.const:ti_sysbios_knl_Task_Object__table__C)
                  2001b778    00000004     app_pem4.oem4 (.const:ti_sysbios_knl_Task_allBlockedFunc__C)
                  2001b77c    00000004     app_pem4.oem4 (.const:ti_sysbios_knl_Task_defaultStackHeap__C)
                  2001b780    00000004     app_pem4.oem4 (.const:ti_sysbios_knl_Task_defaultStackSize__C)
                  2001b784    00000004     app_pem4.oem4 (.const:ti_sysbios_knl_Task_numConstructedTasks__C)
                  2001b788    00000004     app_pem4.oem4 (.const:xdc_runtime_Assert_E_assertFailed__C)
                  2001b78c    00000004     app_pem4.oem4 (.const:xdc_runtime_Core_A_initializedParams__C)
[...]
2001b47c  ti_sysbios_knl_Queue_Object__DESC__C                       
2001b49c  ti_sysbios_knl_Semaphore_Object__DESC__C                   
2001b4bc  ti_sysbios_knl_Task_Object__DESC__C                        
2001b50c  ti_sysbios_gates_GateHwi_Object__PARAMS__C                 
2001b524  ti_sysbios_gates_GateMutex_Object__PARAMS__C               
2001b53c  ti_sysbios_knl_Queue_Object__PARAMS__C                     
2001b554  xdc_runtime_Startup_sfxnRts__A                             
2001b566  ti_sysbios_family_arm_m3_Hwi_Module__id__C                 
2001b568  xdc_runtime_Startup_firstFxns__A                           
2001b574  StartResponseLUT                                           
2001b57c  ti_sysbios_family_arm_m3_Hwi_excHookFuncs__A               
2001b584  ti_sysbios_knl_Idle_funcList__A                            
2001b58c  ti_sysbios_knl_Idle_funcList__C                            
2001b594  xdc_runtime_Startup_firstFxns__C                           
2001b59c  xdc_runtime_Startup_lastFxns__C                            
2001b5a4  ti_sysbios_BIOS_installedErrorHook__C                      
2001b5a8  ti_sysbios_family_arm_m3_Hwi_E_NMI__C                      
2001b5ac  ti_sysbios_family_arm_m3_Hwi_E_alreadyDefined__C           
2001b5b0  ti_sysbios_family_arm_m3_Hwi_E_busFault__C                 
2001b5b4  ti_sysbios_family_arm_m3_Hwi_E_debugMon__C                 
2001b5b8  ti_sysbios_family_arm_m3_Hwi_E_hardFault__C                
2001b5bc  ti_sysbios_family_arm_m3_Hwi_E_memFault__C                 
2001b5c0  ti_sysbios_family_arm_m3_Hwi_E_noIsr__C                    
2001b5c4  ti_sysbios_family_arm_m3_Hwi_E_reserved__C                 
2001b5c8  ti_sysbios_family_arm_m3_Hwi_E_svCall__C                   
2001b5cc  ti_sysbios_family_arm_m3_Hwi_E_usageFault__C               
2001b5d0  ti_sysbios_family_arm_m3_Hwi_LD_end__C                     
2001b5d4  ti_sysbios_family_arm_m3_Hwi_LM_begin__C                   
2001b5d8  ti_sysbios_family_arm_m3_Hwi_Module__diagsEnabled__C       
2001b5dc  ti_sysbios_family_arm_m3_Hwi_Module__diagsIncluded__C      
2001b5e0  ti_sysbios_family_arm_m3_Hwi_Module__diagsMask__C          
2001b5e4  ti_sysbios_family_arm_m3_Hwi_Module__loggerFxn1__C         
2001b5e8  ti_sysbios_family_arm_m3_Hwi_Module__loggerFxn8__C         
2001b5ec  ti_sysbios_family_arm_m3_Hwi_Module__loggerObj__C          
2001b5f0  ti_sysbios_family_arm_m3_Hwi_NUM_INTERRUPTS__C             
2001b5f4  ti_sysbios_family_arm_m3_Hwi_Object__count__C              
2001b5f8  ti_sysbios_family_arm_m3_Hwi_Object__table__C              
2001b5fc  ti_sysbios_family_arm_m3_Hwi_ccr__C                        
2001b600  ti_sysbios_family_arm_m3_Hwi_excHandlerFunc__C             
2001b604  ti_sysbios_family_arm_m3_Hwi_excHookFuncs__C               
2001b608  ti_sysbios_family_arm_m3_Hwi_nullIsrFunc__C                
2001b60c  ti_sysbios_family_arm_m3_Hwi_priGroup__C                   
2001b610  ti_sysbios_family_arm_m3_TaskSupport_stackAlignment__C     
2001b614  ti_sysbios_family_arm_m3_Timer_E_cannotSupport__C          
2001b618  ti_sysbios_family_arm_m3_Timer_startupNeeded__C            
2001b61c  ti_sysbios_gates_GateMutex_A_badContext__C                 
2001b620  ti_sysbios_gates_GateMutex_Instance_State_sem__O           
2001b624  ti_sysbios_gates_GateMutex_Module__diagsEnabled__C         
2001b628  ti_sysbios_gates_GateMutex_Module__diagsIncluded__C        
2001b62c  ti_sysbios_gates_GateMutex_Module__diagsMask__C            
2001b630  ti_sysbios_hal_Hwi_E_stackOverflow__C                      
2001b634  ti_sysbios_heaps_HeapMem_A_align__C                        
2001b638  ti_sysbios_heaps_HeapMem_A_heapSize__C                     
2001b63c  ti_sysbios_heaps_HeapMem_A_invalidFree__C                  
2001b640  ti_sysbios_heaps_HeapMem_A_zeroBlock__C                    
2001b644  ti_sysbios_heaps_HeapMem_E_memory__C                       
2001b648  ti_sysbios_heaps_HeapMem_Module__diagsEnabled__C           
2001b64c  ti_sysbios_heaps_HeapMem_Module__diagsIncluded__C          
2001b650  ti_sysbios_heaps_HeapMem_Module__diagsMask__C              
2001b654  ti_sysbios_heaps_HeapMem_Module__gateObj__C                
2001b658  ti_sysbios_heaps_HeapMem_Object__count__C                  
2001b65c  ti_sysbios_heaps_HeapMem_Object__table__C                  
2001b660  ti_sysbios_heaps_HeapMem_reqAlign__C                       
2001b664  ti_sysbios_knl_Clock_LM_begin__C                           
2001b668  ti_sysbios_knl_Clock_LM_tick__C                            
2001b66c  ti_sysbios_knl_Clock_LW_delayed__C                         
2001b670  ti_sysbios_knl_Clock_Module_State_clockQ__O                
2001b674  ti_sysbios_knl_Clock_Module__diagsEnabled__C               
2001b678  ti_sysbios_knl_Clock_Module__diagsIncluded__C              
2001b67c  ti_sysbios_knl_Clock_Module__diagsMask__C                  
2001b680  ti_sysbios_knl_Clock_Module__loggerFxn1__C                 
2001b684  ti_sysbios_knl_Clock_Module__loggerFxn2__C                 
2001b688  ti_sysbios_knl_Clock_Module__loggerObj__C                  
2001b68c  ti_sysbios_knl_Clock_tickPeriod__C                         
2001b690  ti_sysbios_knl_Mailbox_A_invalidBufSize__C                 
2001b694  ti_sysbios_knl_Mailbox_Instance_State_dataQue__O           
2001b698  ti_sysbios_knl_Mailbox_Instance_State_dataSem__O           
2001b69c  ti_sysbios_knl_Mailbox_Instance_State_freeQue__O           
2001b6a0  ti_sysbios_knl_Mailbox_Instance_State_freeSem__O           
2001b6a4  ti_sysbios_knl_Mailbox_Module__diagsEnabled__C             
2001b6a8  ti_sysbios_knl_Mailbox_Module__diagsIncluded__C            
2001b6ac  ti_sysbios_knl_Mailbox_Module__diagsMask__C                
2001b6b0  ti_sysbios_knl_Mailbox_Object__count__C                    
2001b6b4  ti_sysbios_knl_Mailbox_Object__table__C                    
2001b6b8  ti_sysbios_knl_Mailbox_maxTypeAlign__C                     
2001b6bc  ti_sysbios_knl_Queue_Object__count__C                      
2001b6c0  ti_sysbios_knl_Queue_Object__table__C                      
2001b6c4  ti_sysbios_knl_Semaphore_A_badContext__C                   
2001b6c8  ti_sysbios_knl_Semaphore_A_noEvents__C                     
2001b6cc  ti_sysbios_knl_Semaphore_A_overflow__C                     
2001b6d0  ti_sysbios_knl_Semaphore_A_pendTaskDisabled__C             
2001b6d4  ti_sysbios_knl_Semaphore_Instance_State_pendQ__O           
2001b6d8  ti_sysbios_knl_Semaphore_LM_pend__C                        
2001b6dc  ti_sysbios_knl_Semaphore_LM_post__C                        
2001b6e0  ti_sysbios_knl_Semaphore_Module__diagsEnabled__C           
2001b6e4  ti_sysbios_knl_Semaphore_Module__diagsIncluded__C          
2001b6e8  ti_sysbios_knl_Semaphore_Module__diagsMask__C              
2001b6ec  ti_sysbios_knl_Semaphore_Module__loggerFxn2__C             
2001b6f0  ti_sysbios_knl_Semaphore_Module__loggerFxn4__C             
2001b6f4  ti_sysbios_knl_Semaphore_Module__loggerObj__C              
2001b6f8  ti_sysbios_knl_Swi_LD_end__C                               
2001b6fc  ti_sysbios_knl_Swi_LM_begin__C                             
2001b700  ti_sysbios_knl_Swi_LM_post__C                              
2001b704  ti_sysbios_knl_Swi_Module__diagsEnabled__C                 
2001b708  ti_sysbios_knl_Swi_Module__diagsIncluded__C                
2001b70c  ti_sysbios_knl_Swi_Module__diagsMask__C                    
2001b710  ti_sysbios_knl_Swi_Module__loggerFxn1__C                   
2001b714  ti_sysbios_knl_Swi_Module__loggerFxn4__C                   
2001b718  ti_sysbios_knl_Swi_Module__loggerObj__C                    
2001b71c  ti_sysbios_knl_Swi_Object__count__C                        
2001b720  ti_sysbios_knl_Swi_Object__table__C                        
2001b724  ti_sysbios_knl_Swi_numConstructedSwis__C                   
2001b728  ti_sysbios_knl_Task_A_badPriority__C                       
2001b72c  ti_sysbios_knl_Task_A_badTaskState__C                      
2001b730  ti_sysbios_knl_Task_A_badThreadType__C                     
2001b734  ti_sysbios_knl_Task_A_noPendElem__C                        
2001b738  ti_sysbios_knl_Task_A_taskDisabled__C                      
2001b73c  ti_sysbios_knl_Task_E_spOutOfBounds__C                     
2001b740  ti_sysbios_knl_Task_E_stackOverflow__C                     
2001b744  ti_sysbios_knl_Task_LD_block__C                            
2001b748  ti_sysbios_knl_Task_LD_exit__C                             
2001b74c  ti_sysbios_knl_Task_LD_ready__C                            
2001b750  ti_sysbios_knl_Task_LM_switch__C                           
2001b754  ti_sysbios_knl_Task_Module_State_inactiveQ__O              
2001b758  ti_sysbios_knl_Task_Module__diagsEnabled__C                
2001b75c  ti_sysbios_knl_Task_Module__diagsIncluded__C               
2001b760  ti_sysbios_knl_Task_Module__diagsMask__C                   
2001b764  ti_sysbios_knl_Task_Module__loggerFxn2__C                  
2001b768  ti_sysbios_knl_Task_Module__loggerFxn4__C                  
2001b76c  ti_sysbios_knl_Task_Module__loggerObj__C                   
2001b770  ti_sysbios_knl_Task_Object__count__C                       
2001b774  ti_sysbios_knl_Task_Object__table__C                       
2001b778  ti_sysbios_knl_Task_allBlockedFunc__C                      
2001b77c  ti_sysbios_knl_Task_defaultStackHeap__C                    
2001b780  ti_sysbios_knl_Task_defaultStackSize__C                    
2001b784  ti_sysbios_knl_Task_numConstructedTasks__C                 
2001b788  xdc_runtime_Assert_E_assertFailed__C                       
2001b78c  xdc_runtime_Core_A_initializedParams__C                    
2001b790  xdc_runtime_Core_Module__diagsEnabled__C                   
2001b794  xdc_runtime_Core_Module__diagsIncluded__C                  
2001b798  xdc_runtime_Core_Module__diagsMask__C                      
2001b79c  xdc_runtime_Error_E_memory__C                              
2001b7a0  xdc_runtime_Error_Module__diagsEnabled__C                  
2001b7a4  xdc_runtime_Error_Module__diagsIncluded__C                 
2001b7a8  xdc_runtime_Error_Module__diagsMask__C                     
2001b7ac  xdc_runtime_Error_Module__loggerFxn8__C                    
2001b7b0  xdc_runtime_Error_Module__loggerObj__C                     
2001b7b4  xdc_runtime_Error_policyFxn__C                             
2001b7b8  xdc_runtime_Error_raiseHook__C                             
2001b7bc  xdc_runtime_IGateProvider_Interface__BASE__C               
2001b7c0  xdc_runtime_IHeap_Interface__BASE__C                       
2001b7c4  xdc_runtime_IModule_Interface__BASE__C                     
2001b7c8  xdc_runtime_Log_L_error__C                                 
2001b7cc  xdc_runtime_Main_Module__diagsEnabled__C                   
2001b7d0  xdc_runtime_Main_Module__diagsIncluded__C                  
2001b7d4  xdc_runtime_Main_Module__diagsMask__C                      
2001b7d8  xdc_runtime_Main_Module__loggerFxn2__C                     
2001b7dc  xdc_runtime_Main_Module__loggerFxn4__C                     
2001b7e0  xdc_runtime_Main_Module__loggerFxn8__C                     
2001b7e4  xdc_runtime_Main_Module__loggerObj__C                      
2001b7e8  xdc_runtime_Memory_defaultHeapInstance__C                  
2001b7ec  xdc_runtime_Startup_execImpl__C                            
2001b7f0  xdc_runtime_Startup_maxPasses__C                           
2001b7f4  xdc_runtime_Startup_sfxnRts__C                             
2001b7f8  xdc_runtime_Startup_sfxnTab__C                             
2001b7fc  xdc_runtime_Startup_startModsFxn__C                        
2001b800  xdc_runtime_SysMin_bufSize__C                              
2001b804  xdc_runtime_SysMin_outputFunc__C                           
2001b808  xdc_runtime_System_Module__gateObj__C                      
2001b80c  xdc_runtime_System_abortFxn__C                             
2001b810  xdc_runtime_System_exitFxn__C                              
2001b814  xdc_runtime_System_extendFxn__C                            
2001b818  xdc_runtime_System_maxAtexitHandlers__C                    
2001b81c  xdc_runtime_Text_charTab__C                                
2001b820  xdc_runtime_Text_nameEmpty__C                              
2001b824  xdc_runtime_Text_nameStatic__C                             
2001b828  xdc_runtime_Text_nameUnknown__C                            
2001b82c  xdc_runtime_Text_nodeTab__C                                
2001b830  xdc_runtime_Text_visitRopeFxn__C                           
2001b834  ti_sysbios_family_arm_m3_Hwi_Module__loggerDefined__C      
2001b836  ti_sysbios_family_arm_m3_Timer_Module__id__C               
2001b838  ti_sysbios_gates_GateMutex_Module__id__C                   
2001b83a  ti_sysbios_hal_Hwi_Module__id__C                           
2001b83c  ti_sysbios_heaps_HeapMem_Module__id__C                     
2001b83e  ti_sysbios_knl_Clock_Module__id__C                         
2001b840  ti_sysbios_knl_Clock_Module__loggerDefined__C              
2001b842  ti_sysbios_knl_Mailbox_Module__id__C                       
2001b844  ti_sysbios_knl_Semaphore_Module__id__C                     
2001b846  ti_sysbios_knl_Semaphore_Module__loggerDefined__C          
2001b848  ti_sysbios_knl_Swi_Module__id__C                           
2001b84a  ti_sysbios_knl_Swi_Module__loggerDefined__C                
2001b84c  ti_sysbios_knl_Task_Module__id__C                          
2001b84e  ti_sysbios_knl_Task_Module__loggerDefined__C               
2001b850  xdc_runtime_Core_Module__id__C                             
2001b852  xdc_runtime_Error_Module__loggerDefined__C                 
2001b854  xdc_runtime_Error_maxDepth__C                              
2001b856  xdc_runtime_Main_Module__id__C                             
2001b858  xdc_runtime_Main_Module__loggerDefined__C                  
2001b85a  xdc_runtime_Memory_Module__id__C                           
2001b85c  xdc_runtime_SysMin_flushAtExit__C                          
2001b85e  xdc_runtime_Text_charCnt__C                                
2001b860  xdc_runtime_Text_isLoaded__C                               
2001b862  xdc_runtime_Text_registryModsLastId__C                     
2001b864  xdc_runtime_Text_unnamedModsLastId__C                      
2001b866  ti_sysbios_knl_Clock_tickMode__C                           
2001b867  ti_sysbios_knl_Clock_tickSource__C                         
2001b868  xdc_runtime_Error_policy__C                                
2001b880  ti_sysbios_heaps_HeapMem_Instance_State_0_buf__A           
2001cc80  ti_sysbios_family_arm_m3_Hwi_dispatchTable                 
2001cf8c  SimpleLinkSpawnTaskHndl                                    
2001cf90  ti_sysbios_knl_Task_Instance_State_0_stack__A              
2001d190  xdc_runtime_SysMin_Module_State_0_outbuf__A                
2001d390  PowerCC3200_contextSave                                    
2001d4bc  __CIOBUF_                                                  
2001d5dc  __TI_tmpnams                                               
2001d67c  SPICC3200DMAObjects                                        
2001d708  simpleLink_mailbox                                         
2001d70c  RxIrqCnt                                                   
2001d720  spiCC3200DMAscratchBuf                                     
2001d728  ti_sysbios_knl_Task_Module_State_0_readyQ__A               
2001d828  _ftable                                                    
2001d9e8  ti_sysbios_knl_Swi_Module_State_0_readyQ__A                
2001da68  PowerCC3200_module                                         
2001dabc  ti_sysbios_knl_Task_Object__table__V                       
2001db08  ti_sysbios_knl_Task_Module__state__V                       
2001db4c  ti_sysbios_gates_GateMutex_Object__table__V                
2001db84  ti_sysbios_family_arm_m3_Hwi_Module__state__V              
2001dbb8  ti_sysbios_family_arm_m3_Timer_Object__table__V            
2001dbe8  ti_sysbios_knl_Swi_Object__table__V                        
2001dc18  ti_sysbios_knl_Clock_Module__state__V                      
2001dc44  ti_sysbios_BIOS_Module__state__V                           
2001dc68  ti_sysbios_knl_Swi_Module__state__V                        
2001dc84  g_H2NSyncPattern                                           
2001dc8c  g_H2NCnysPattern                                           
2001dc94  g_pCB                                                      
2001dc98  pPingCallBackFunc                                          
2001dc9c  gFirstCmdMode                                              
2001dc9e  ti_sysbios_family_arm_m3_Hwi_Module_State_0_excActive__A   
2001dca0  ti_sysbios_family_arm_m3_Hwi_Object__table__V              
2001dcb8  ti_sysbios_heaps_HeapMem_Object__table__V                  
2001dcd0  __TI_ft_end                                                
2001dcd4  __aeabi_stdin                                              
2001dcd8  __aeabi_stdout                                             
2001dcdc  __aeabi_stderr                                             
2001dce0  __TI_cleanup_ptr                                           
2001dce4  __TI_dtors_ptr                                             
2001dce8  __TI_enable_exit_profile_output                            
2001dcec  ti_sysbios_family_arm_m3_Timer_Module__state__V            
2001dcf8  xdc_runtime_SysMin_Module__state__V                        
2001dd04  _lock                                                      
2001dd08  _unlock                                                    
2001dd0c  ti_sysbios_family_arm_m3_Hwi_Module__root__V               
2001dd14  ti_sysbios_gates_GateHwi_Module__root__V                   
2001dd1c  ti_sysbios_gates_GateMutex_Module__root__V                 
2001dd24  ti_sysbios_heaps_HeapMem_Module__root__V                   
2001dd2c  ti_sysbios_knl_Mailbox_Module__root__V                     
2001dd34  ti_sysbios_knl_Queue_Module__root__V                       
2001dd3c  ti_sysbios_knl_Semaphore_Module__root__V                   
2001dd44  ti_sysbios_knl_Task_Module__root__V                        
2001dd4c  xdc_runtime_Registry_Module__state__V                      
2001dd54  xdc_runtime_Startup_Module__state__V                       
2001dd5c  xdc_runtime_System_Module_State_0_atexitHandlers__A        
2001dd64  xdc_runtime_System_Module__state__V                        
2001dd78  errno                                                      
2001dd80  main_func_sp                                               
2001dd84  ti_sysbios_family_arm_m3_Hwi_Module_State_0_excContext__A  
2001dd88  ti_sysbios_family_arm_m3_Hwi_Module_State_0_excStack__A    
2001dd8c  ti_sysbios_gates_GateHwi_Object__table__V                  
2001dd90  ti_sysbios_knl_Task_Module_State_0_idleTask__A             
2001dd94  xdc_runtime_Memory_Module__state__V                        
2001dd98  xdc_runtime_Error_Module__state__V                         
2001dda0  __TI_static_base__                                         
2001dff4  __TI_Handler_Table_Base                                    
2001e000  __TI_Handler_Table_Limit                                   
2001e008  __TI_CINIT_Base                                            
2001e018  __TI_CINIT_Limit                                           
e000e000  ti_sysbios_family_arm_m3_Hwi_nvic                          
ffffffff  __TI_pprof_out_hndl                                        
ffffffff  __TI_prof_data_size                                        
ffffffff  __TI_prof_data_start                                       
ffffffff  __binit__                                                  
ffffffff  __c_args__                                                 
ffffffff  binit                                                      
UNDEFED   SHT$$INIT_ARRAY$$Base                                      
UNDEFED   SHT$$INIT_ARRAY$$Limit                                     

[895 symbols]
